EPOCH {"condition": "L", "seed": 0, "epoch": 1, "train_loss": 0.3512838901996613, "val_trainlike_bis_mae": 4.160903050926132, "val_trainlike_map_mae": 6.561051653608447, "seconds": 21.996771335601807}
EPOCH {"condition": "L", "seed": 0, "epoch": 2, "train_loss": 0.2880798731803894, "val_trainlike_bis_mae": 4.04488544877364, "val_trainlike_map_mae": 5.838816968870763, "seconds": 40.61293816566467}
EPOCH {"condition": "L", "seed": 0, "epoch": 3, "train_loss": 0.2677908613681793, "val_trainlike_bis_mae": 3.9784576684320863, "val_trainlike_map_mae": 5.685855078456535, "seconds": 57.996317625045776}
EPOCH {"condition": "L", "seed": 0, "epoch": 4, "train_loss": 0.2621751244544983, "val_trainlike_bis_mae": 3.94872203592302, "val_trainlike_map_mae": 5.6937342732824545, "seconds": 76.36867761611938}
EPOCH {"condition": "L", "seed": 0, "epoch": 5, "train_loss": 0.2608293158531189, "val_trainlike_bis_mae": 3.946502794319268, "val_trainlike_map_mae": 5.610770325592078, "seconds": 96.32536220550537}
EPOCH {"condition": "L", "seed": 0, "epoch": 6, "train_loss": 0.2551222300052643, "val_trainlike_bis_mae": 3.9533446305791036, "val_trainlike_map_mae": 5.570724932197709, "seconds": 115.92504906654358}
EPOCH {"condition": "L", "seed": 0, "epoch": 7, "train_loss": 0.25347755093574525, "val_trainlike_bis_mae": 3.937798845887202, "val_trainlike_map_mae": 5.618435134114795, "seconds": 135.30508089065552}
EPOCH {"condition": "L", "seed": 0, "epoch": 8, "train_loss": 0.2521489171504974, "val_trainlike_bis_mae": 3.9361358096079253, "val_trainlike_map_mae": 5.466710408032667, "seconds": 153.16806316375732}
EPOCH {"condition": "L", "seed": 0, "epoch": 9, "train_loss": 0.25016608963012693, "val_trainlike_bis_mae": 3.9364756778495127, "val_trainlike_map_mae": 5.460327395765615, "seconds": 165.49603295326233}
EPOCH {"condition": "L", "seed": 0, "epoch": 10, "train_loss": 0.2477983610868454, "val_trainlike_bis_mae": 3.94395510491597, "val_trainlike_map_mae": 5.435473281439045, "seconds": 185.70036363601685}
EPOCH {"condition": "L", "seed": 0, "epoch": 11, "train_loss": 0.2470050120830536, "val_trainlike_bis_mae": 3.927667729825176, "val_trainlike_map_mae": 5.51097706897155, "seconds": 205.14451909065247}
EPOCH {"condition": "L", "seed": 0, "epoch": 12, "train_loss": 0.24729885535240173, "val_trainlike_bis_mae": 3.9626099632200065, "val_trainlike_map_mae": 5.450563456652807, "seconds": 224.2356321811676}
EPOCH {"condition": "L", "seed": 0, "epoch": 13, "train_loss": 0.24571395835876464, "val_trainlike_bis_mae": 4.019052585547997, "val_trainlike_map_mae": 5.449608133509851, "seconds": 243.96997451782227}
EPOCH {"condition": "L", "seed": 0, "epoch": 14, "train_loss": 0.2430553309440613, "val_trainlike_bis_mae": 3.9538934710237306, "val_trainlike_map_mae": 5.431244081760027, "seconds": 263.72367095947266}
EPOCH {"condition": "L", "seed": 0, "epoch": 15, "train_loss": 0.24482317881584167, "val_trainlike_bis_mae": 3.9379948893376833, "val_trainlike_map_mae": 5.407226721213229, "seconds": 283.68751859664917}
EPOCH {"condition": "L", "seed": 0, "epoch": 16, "train_loss": 0.2439125413417816, "val_trainlike_bis_mae": 3.9822118506712676, "val_trainlike_map_mae": 5.494272251171515, "seconds": 303.5280427932739}
TRAINED L 0
EPOCH {"condition": "L", "seed": 1, "epoch": 1, "train_loss": 0.3546371988773346, "val_trainlike_bis_mae": 4.244276739476507, "val_trainlike_map_mae": 6.533855926620031, "seconds": 18.21023464202881}
EPOCH {"condition": "L", "seed": 1, "epoch": 2, "train_loss": 0.28773299202919006, "val_trainlike_bis_mae": 4.015296422992035, "val_trainlike_map_mae": 5.91367555714692, "seconds": 36.953171253204346}
EPOCH {"condition": "L", "seed": 1, "epoch": 3, "train_loss": 0.27185906052589415, "val_trainlike_bis_mae": 3.9761511214911, "val_trainlike_map_mae": 5.745271548459875, "seconds": 56.78490138053894}
EPOCH {"condition": "L", "seed": 1, "epoch": 4, "train_loss": 0.2629124949455261, "val_trainlike_bis_mae": 4.018515033700087, "val_trainlike_map_mae": 5.666789722323799, "seconds": 76.76751112937927}
EPOCH {"condition": "L", "seed": 1, "epoch": 5, "train_loss": 0.2599624874591827, "val_trainlike_bis_mae": 3.9181037490650583, "val_trainlike_map_mae": 5.645318393551249, "seconds": 96.90904545783997}
EPOCH {"condition": "L", "seed": 1, "epoch": 6, "train_loss": 0.25929246385097504, "val_trainlike_bis_mae": 3.9367005057713236, "val_trainlike_map_mae": 5.551225491855825, "seconds": 116.4971878528595}
EPOCH {"condition": "L", "seed": 1, "epoch": 7, "train_loss": 0.2517182921886444, "val_trainlike_bis_mae": 3.9645527383620025, "val_trainlike_map_mae": 5.53650984812061, "seconds": 135.83232641220093}
EPOCH {"condition": "L", "seed": 1, "epoch": 8, "train_loss": 0.25163496432304383, "val_trainlike_bis_mae": 3.9283809233779947, "val_trainlike_map_mae": 5.49411090859303, "seconds": 153.38831663131714}
EPOCH {"condition": "L", "seed": 1, "epoch": 9, "train_loss": 0.2500424846172333, "val_trainlike_bis_mae": 3.933462864509078, "val_trainlike_map_mae": 5.467531845985811, "seconds": 170.04924893379211}
EPOCH {"condition": "L", "seed": 1, "epoch": 10, "train_loss": 0.24753992323875426, "val_trainlike_bis_mae": 3.9227075663099713, "val_trainlike_map_mae": 5.437534994503585, "seconds": 189.1636962890625}
TRAINED L 1
EPOCH {"condition": "L", "seed": 2, "epoch": 1, "train_loss": 0.35051669855117795, "val_trainlike_bis_mae": 4.2248383296804795, "val_trainlike_map_mae": 6.5876390962741755, "seconds": 18.698610067367554}
EPOCH {"condition": "L", "seed": 2, "epoch": 2, "train_loss": 0.31262627310752866, "val_trainlike_bis_mae": 4.0392870563204415, "val_trainlike_map_mae": 6.052809495734917, "seconds": 34.8552930355072}
EPOCH {"condition": "L", "seed": 2, "epoch": 3, "train_loss": 0.2776202702283859, "val_trainlike_bis_mae": 4.0251168349983395, "val_trainlike_map_mae": 5.784227908106028, "seconds": 54.71370530128479}
EPOCH {"condition": "L", "seed": 2, "epoch": 4, "train_loss": 0.2679718183517456, "val_trainlike_bis_mae": 3.9632344459644275, "val_trainlike_map_mae": 5.7141926236862775, "seconds": 73.72565078735352}
EPOCH {"condition": "L", "seed": 2, "epoch": 5, "train_loss": 0.26192095966339113, "val_trainlike_bis_mae": 3.9659059486754207, "val_trainlike_map_mae": 5.624086577149583, "seconds": 93.33134460449219}
EPOCH {"condition": "L", "seed": 2, "epoch": 6, "train_loss": 0.25774937696456907, "val_trainlike_bis_mae": 3.950244311496541, "val_trainlike_map_mae": 5.595837473985139, "seconds": 112.92660617828369}
EPOCH {"condition": "L", "seed": 2, "epoch": 7, "train_loss": 0.25291165943145755, "val_trainlike_bis_mae": 3.9381326096902476, "val_trainlike_map_mae": 5.511146423041154, "seconds": 130.4999816417694}
EPOCH {"condition": "L", "seed": 2, "epoch": 8, "train_loss": 0.25401785407066346, "val_trainlike_bis_mae": 3.9136888055218595, "val_trainlike_map_mae": 5.524831598209771, "seconds": 146.78769874572754}
EPOCH {"condition": "L", "seed": 2, "epoch": 9, "train_loss": 0.25155324153900144, "val_trainlike_bis_mae": 3.9216127807440513, "val_trainlike_map_mae": 5.4742901956419185, "seconds": 160.64556217193604}
EPOCH {"condition": "L", "seed": 2, "epoch": 10, "train_loss": 0.2492300715446472, "val_trainlike_bis_mae": 3.9462427004099565, "val_trainlike_map_mae": 5.471444643788261, "seconds": 178.55793571472168}
EPOCH {"condition": "L", "seed": 2, "epoch": 11, "train_loss": 0.24839473922252656, "val_trainlike_bis_mae": 3.93696811750106, "val_trainlike_map_mae": 5.4548730498729165, "seconds": 197.03539085388184}
EPOCH {"condition": "L", "seed": 2, "epoch": 12, "train_loss": 0.24606598329544066, "val_trainlike_bis_mae": 3.930597485884745, "val_trainlike_map_mae": 5.536323476465861, "seconds": 216.26133513450623}
EPOCH {"condition": "L", "seed": 2, "epoch": 13, "train_loss": 0.24659160041809083, "val_trainlike_bis_mae": 3.9380501615347825, "val_trainlike_map_mae": 5.450440184087595, "seconds": 235.42396235466003}
TRAINED L 2
EPOCH {"condition": "L", "seed": 3, "epoch": 1, "train_loss": 0.34690940127372744, "val_trainlike_bis_mae": 4.052501177536966, "val_trainlike_map_mae": 6.52987112062544, "seconds": 19.081470251083374}
EPOCH {"condition": "L", "seed": 3, "epoch": 2, "train_loss": 0.3192546224117279, "val_trainlike_bis_mae": 4.029544728389348, "val_trainlike_map_mae": 6.52136598727529, "seconds": 38.81448674201965}
EPOCH {"condition": "L", "seed": 3, "epoch": 3, "train_loss": 0.3013515202999115, "val_trainlike_bis_mae": 4.069701507669221, "val_trainlike_map_mae": 6.10998675837893, "seconds": 58.82796502113342}
EPOCH {"condition": "L", "seed": 3, "epoch": 4, "train_loss": 0.2645734802722931, "val_trainlike_bis_mae": 3.995087103033767, "val_trainlike_map_mae": 5.7571229933004675, "seconds": 78.10913252830505}
EPOCH {"condition": "L", "seed": 3, "epoch": 5, "train_loss": 0.26062851476669313, "val_trainlike_bis_mae": 3.9450561557717285, "val_trainlike_map_mae": 5.718372939690666, "seconds": 96.98175525665283}
EPOCH {"condition": "L", "seed": 3, "epoch": 6, "train_loss": 0.25610857882499694, "val_trainlike_bis_mae": 3.9367751776895266, "val_trainlike_map_mae": 5.657239035596344, "seconds": 115.98815560340881}
EPOCH {"condition": "L", "seed": 3, "epoch": 7, "train_loss": 0.2559302367687225, "val_trainlike_bis_mae": 3.9420246230320664, "val_trainlike_map_mae": 5.65296438573889, "seconds": 135.2575650215149}
EPOCH {"condition": "L", "seed": 3, "epoch": 8, "train_loss": 0.2529342204093933, "val_trainlike_bis_mae": 3.937457358585025, "val_trainlike_map_mae": 5.605973006618271, "seconds": 154.62947726249695}
EPOCH {"condition": "L", "seed": 3, "epoch": 9, "train_loss": 0.25009282336235045, "val_trainlike_bis_mae": 3.935333762853759, "val_trainlike_map_mae": 5.62538651256388, "seconds": 174.33350157737732}
EPOCH {"condition": "L", "seed": 3, "epoch": 10, "train_loss": 0.24901213779449463, "val_trainlike_bis_mae": 3.919215294808678, "val_trainlike_map_mae": 5.5000087962398645, "seconds": 193.65668058395386}
EPOCH {"condition": "L", "seed": 3, "epoch": 11, "train_loss": 0.25050444164276126, "val_trainlike_bis_mae": 3.9446663656163254, "val_trainlike_map_mae": 5.583586152926757, "seconds": 212.2868936061859}
EPOCH {"condition": "L", "seed": 3, "epoch": 12, "train_loss": 0.2472676531791687, "val_trainlike_bis_mae": 4.002199293406097, "val_trainlike_map_mae": 5.461916023490122, "seconds": 230.86658573150635}
EPOCH {"condition": "L", "seed": 3, "epoch": 13, "train_loss": 0.24693832874298097, "val_trainlike_bis_mae": 3.9459545761845742, "val_trainlike_map_mae": 5.46325889612339, "seconds": 250.2714273929596}
EPOCH {"condition": "L", "seed": 3, "epoch": 14, "train_loss": 0.24624182243347167, "val_trainlike_bis_mae": 3.9935315417895256, "val_trainlike_map_mae": 5.467541762035682, "seconds": 270.1234595775604}
EPOCH {"condition": "L", "seed": 3, "epoch": 15, "train_loss": 0.24243943409919738, "val_trainlike_bis_mae": 3.922965007491346, "val_trainlike_map_mae": 5.442569935397367, "seconds": 289.8866341114044}
TRAINED L 3
EPOCH {"condition": "L", "seed": 4, "epoch": 1, "train_loss": 0.353091756105423, "val_trainlike_bis_mae": 4.062221674519163, "val_trainlike_map_mae": 6.5537354622208905, "seconds": 19.360202074050903}
EPOCH {"condition": "L", "seed": 4, "epoch": 2, "train_loss": 0.3171656419754028, "val_trainlike_bis_mae": 4.025861618691001, "val_trainlike_map_mae": 6.580574530603861, "seconds": 37.786534547805786}
EPOCH {"condition": "L", "seed": 4, "epoch": 3, "train_loss": 0.2833564645767212, "val_trainlike_bis_mae": 3.955864144636473, "val_trainlike_map_mae": 5.77874623179524, "seconds": 56.79791855812073}
EPOCH {"condition": "L", "seed": 4, "epoch": 4, "train_loss": 0.26544283514022826, "val_trainlike_bis_mae": 3.9381990439125514, "val_trainlike_map_mae": 5.720452139426116, "seconds": 74.49919271469116}
EPOCH {"condition": "L", "seed": 4, "epoch": 5, "train_loss": 0.2605296461582184, "val_trainlike_bis_mae": 3.948185979201094, "val_trainlike_map_mae": 5.646786000674919, "seconds": 93.32462167739868}
EPOCH {"condition": "L", "seed": 4, "epoch": 6, "train_loss": 0.25839405355453493, "val_trainlike_bis_mae": 3.926739989648982, "val_trainlike_map_mae": 5.581030742964137, "seconds": 110.37547969818115}
EPOCH {"condition": "L", "seed": 4, "epoch": 7, "train_loss": 0.2570040277004242, "val_trainlike_bis_mae": 3.9450553726104984, "val_trainlike_map_mae": 5.564927850376736, "seconds": 130.59991097450256}
EPOCH {"condition": "L", "seed": 4, "epoch": 8, "train_loss": 0.25241827182769777, "val_trainlike_bis_mae": 3.926912380048178, "val_trainlike_map_mae": 5.538462789718656, "seconds": 148.5257477760315}
EPOCH {"condition": "L", "seed": 4, "epoch": 9, "train_loss": 0.2515919770240784, "val_trainlike_bis_mae": 3.9328550153708446, "val_trainlike_map_mae": 5.476750091983134, "seconds": 168.22006916999817}
EPOCH {"condition": "L", "seed": 4, "epoch": 10, "train_loss": 0.24978616151809693, "val_trainlike_bis_mae": 3.998711491461317, "val_trainlike_map_mae": 5.5164772688796795, "seconds": 187.62706518173218}
EPOCH {"condition": "L", "seed": 4, "epoch": 11, "train_loss": 0.24814378833770753, "val_trainlike_bis_mae": 3.931546012794861, "val_trainlike_map_mae": 5.439229847228994, "seconds": 207.58765125274658}
TRAINED L 4
EPOCH {"condition": "Z", "seed": 0, "epoch": 1, "train_loss": 0.35305854449272156, "val_trainlike_bis_mae": 4.203649623095352, "val_trainlike_map_mae": 6.5316709392267995, "seconds": 20.249840021133423}
EPOCH {"condition": "Z", "seed": 0, "epoch": 2, "train_loss": 0.29512503182888034, "val_trainlike_bis_mae": 4.002224705274015, "val_trainlike_map_mae": 5.850588395791574, "seconds": 39.7339391708374}
EPOCH {"condition": "Z", "seed": 0, "epoch": 3, "train_loss": 0.2704073333263397, "val_trainlike_bis_mae": 3.9636261320556025, "val_trainlike_map_mae": 5.720694256457442, "seconds": 59.98653054237366}
EPOCH {"condition": "Z", "seed": 0, "epoch": 4, "train_loss": 0.26427517375946047, "val_trainlike_bis_mae": 3.9376600681351324, "val_trainlike_map_mae": 5.6212307565499895, "seconds": 78.3134195804596}
EPOCH {"condition": "Z", "seed": 0, "epoch": 5, "train_loss": 0.2593905021905899, "val_trainlike_bis_mae": 3.969303850566973, "val_trainlike_map_mae": 5.596820388541271, "seconds": 98.12374567985535}
EPOCH {"condition": "Z", "seed": 0, "epoch": 6, "train_loss": 0.25605693235397337, "val_trainlike_bis_mae": 3.943942236812261, "val_trainlike_map_mae": 5.5836072406244925, "seconds": 115.6648302078247}
EPOCH {"condition": "Z", "seed": 0, "epoch": 7, "train_loss": 0.2554744565963745, "val_trainlike_bis_mae": 3.9550733812052106, "val_trainlike_map_mae": 5.5527437708231755, "seconds": 132.92839527130127}
EPOCH {"condition": "Z", "seed": 0, "epoch": 8, "train_loss": 0.2542408641576767, "val_trainlike_bis_mae": 3.944184046411917, "val_trainlike_map_mae": 5.488936197775589, "seconds": 152.5684049129486}
EPOCH {"condition": "Z", "seed": 0, "epoch": 9, "train_loss": 0.2511334050655365, "val_trainlike_bis_mae": 3.938250964601492, "val_trainlike_map_mae": 5.469545072158794, "seconds": 172.08836388587952}
TRAINED Z 0
EPOCH {"condition": "Z", "seed": 1, "epoch": 1, "train_loss": 0.34849134683609007, "val_trainlike_bis_mae": 4.140788113762137, "val_trainlike_map_mae": 6.613001011814472, "seconds": 19.898393392562866}
EPOCH {"condition": "Z", "seed": 1, "epoch": 2, "train_loss": 0.30419372749328616, "val_trainlike_bis_mae": 4.039216083982055, "val_trainlike_map_mae": 6.007646521231739, "seconds": 39.98492646217346}
EPOCH {"condition": "Z", "seed": 1, "epoch": 3, "train_loss": 0.2787100656509399, "val_trainlike_bis_mae": 4.012811217725108, "val_trainlike_map_mae": 5.898741978986086, "seconds": 58.13496780395508}
EPOCH {"condition": "Z", "seed": 1, "epoch": 4, "train_loss": 0.2682655131340027, "val_trainlike_bis_mae": 3.9803909559845034, "val_trainlike_map_mae": 5.783414573344981, "seconds": 77.86449122428894}
EPOCH {"condition": "Z", "seed": 1, "epoch": 5, "train_loss": 0.2647231887817383, "val_trainlike_bis_mae": 3.9531081185246015, "val_trainlike_map_mae": 5.70430315298996, "seconds": 97.56841039657593}
EPOCH {"condition": "Z", "seed": 1, "epoch": 6, "train_loss": 0.26285463552474975, "val_trainlike_bis_mae": 3.9224419401708275, "val_trainlike_map_mae": 5.647566407731324, "seconds": 115.15563917160034}
EPOCH {"condition": "Z", "seed": 1, "epoch": 7, "train_loss": 0.2573815543651581, "val_trainlike_bis_mae": 3.943874869125057, "val_trainlike_map_mae": 5.633328836458503, "seconds": 133.35348796844482}
EPOCH {"condition": "Z", "seed": 1, "epoch": 8, "train_loss": 0.25653406352996827, "val_trainlike_bis_mae": 3.9463882734700713, "val_trainlike_map_mae": 5.6327342296892216, "seconds": 152.0510811805725}
EPOCH {"condition": "Z", "seed": 1, "epoch": 9, "train_loss": 0.25293807907104493, "val_trainlike_bis_mae": 3.951484976003729, "val_trainlike_map_mae": 5.525491891094227, "seconds": 166.97096252441406}
EPOCH {"condition": "Z", "seed": 1, "epoch": 10, "train_loss": 0.24883062906265258, "val_trainlike_bis_mae": 3.947174583166259, "val_trainlike_map_mae": 5.521493291156527, "seconds": 186.84124326705933}
EPOCH {"condition": "Z", "seed": 1, "epoch": 11, "train_loss": 0.24859767804145813, "val_trainlike_bis_mae": 3.9321262218791855, "val_trainlike_map_mae": 5.505513429537533, "seconds": 206.9936399459839}
TRAINED Z 1
EPOCH {"condition": "Z", "seed": 2, "epoch": 1, "train_loss": 0.3513457504272461, "val_trainlike_bis_mae": 4.098185284639922, "val_trainlike_map_mae": 6.567816725651556, "seconds": 19.83275032043457}
EPOCH {"condition": "Z", "seed": 2, "epoch": 2, "train_loss": 0.29940762000083926, "val_trainlike_bis_mae": 4.001174625820858, "val_trainlike_map_mae": 5.873115883512108, "seconds": 39.39235758781433}
EPOCH {"condition": "Z", "seed": 2, "epoch": 3, "train_loss": 0.27269192481040955, "val_trainlike_bis_mae": 3.976936811514261, "val_trainlike_map_mae": 5.7680307610221755, "seconds": 58.55542016029358}
EPOCH {"condition": "Z", "seed": 2, "epoch": 4, "train_loss": 0.2637626648426056, "val_trainlike_bis_mae": 3.982964299851118, "val_trainlike_map_mae": 5.693508918131625, "seconds": 77.6874794960022}
EPOCH {"condition": "Z", "seed": 2, "epoch": 5, "train_loss": 0.258091303730011, "val_trainlike_bis_mae": 3.9374668699067623, "val_trainlike_map_mae": 5.585674974210864, "seconds": 96.44617748260498}
EPOCH {"condition": "Z", "seed": 2, "epoch": 6, "train_loss": 0.25502542164325714, "val_trainlike_bis_mae": 3.938114488868795, "val_trainlike_map_mae": 5.5446134105483775, "seconds": 116.6714391708374}
EPOCH {"condition": "Z", "seed": 2, "epoch": 7, "train_loss": 0.25535729756355285, "val_trainlike_bis_mae": 3.990811775778904, "val_trainlike_map_mae": 5.489160083947307, "seconds": 135.10782766342163}
EPOCH {"condition": "Z", "seed": 2, "epoch": 8, "train_loss": 0.25060349464416504, "val_trainlike_bis_mae": 3.931186338748569, "val_trainlike_map_mae": 5.4684508185088125, "seconds": 154.4784858226776}
EPOCH {"condition": "Z", "seed": 2, "epoch": 9, "train_loss": 0.24908887243270875, "val_trainlike_bis_mae": 3.981543563636106, "val_trainlike_map_mae": 5.459881697275042, "seconds": 170.08254885673523}
EPOCH {"condition": "Z", "seed": 2, "epoch": 10, "train_loss": 0.24776468942165375, "val_trainlike_bis_mae": 3.944592898764392, "val_trainlike_map_mae": 5.449594468300806, "seconds": 189.01587176322937}
EPOCH {"condition": "Z", "seed": 2, "epoch": 11, "train_loss": 0.246356680393219, "val_trainlike_bis_mae": 3.9462955862066753, "val_trainlike_map_mae": 5.438908167255811, "seconds": 207.4187445640564}
EPOCH {"condition": "Z", "seed": 2, "epoch": 12, "train_loss": 0.24709317741394043, "val_trainlike_bis_mae": 3.9676538274212625, "val_trainlike_map_mae": 5.470758884484421, "seconds": 226.66292309761047}
EPOCH {"condition": "Z", "seed": 2, "epoch": 13, "train_loss": 0.24305867862701416, "val_trainlike_bis_mae": 3.9574225484659196, "val_trainlike_map_mae": 5.450725049645498, "seconds": 246.2542064189911}
TRAINED Z 2
EPOCH {"condition": "Z", "seed": 3, "epoch": 1, "train_loss": 0.35117255349159243, "val_trainlike_bis_mae": 4.101220601340409, "val_trainlike_map_mae": 6.563599392431651, "seconds": 19.791553020477295}
EPOCH {"condition": "Z", "seed": 3, "epoch": 2, "train_loss": 0.29983569543361666, "val_trainlike_bis_mae": 4.05589857314247, "val_trainlike_map_mae": 5.849186506525724, "seconds": 39.4752254486084}
EPOCH {"condition": "Z", "seed": 3, "epoch": 3, "train_loss": 0.27524478077888487, "val_trainlike_bis_mae": 3.991629055941908, "val_trainlike_map_mae": 5.769769065902811, "seconds": 57.45159411430359}
EPOCH {"condition": "Z", "seed": 3, "epoch": 4, "train_loss": 0.2645425534725189, "val_trainlike_bis_mae": 3.9810108610592447, "val_trainlike_map_mae": 5.690657137665457, "seconds": 76.79926013946533}
EPOCH {"condition": "Z", "seed": 3, "epoch": 5, "train_loss": 0.26366335525512696, "val_trainlike_bis_mae": 3.9787711649717896, "val_trainlike_map_mae": 5.6569689885636185, "seconds": 94.40770673751831}
EPOCH {"condition": "Z", "seed": 3, "epoch": 6, "train_loss": 0.2557214190483093, "val_trainlike_bis_mae": 4.018988187017509, "val_trainlike_map_mae": 5.588182738462042, "seconds": 113.95657467842102}
EPOCH {"condition": "Z", "seed": 3, "epoch": 7, "train_loss": 0.2537455599308014, "val_trainlike_bis_mae": 3.9222376062863176, "val_trainlike_map_mae": 5.528202644275263, "seconds": 126.5096845626831}
EPOCH {"condition": "Z", "seed": 3, "epoch": 8, "train_loss": 0.2511763756275177, "val_trainlike_bis_mae": 3.957391435606153, "val_trainlike_map_mae": 5.526277613280333, "seconds": 142.8435549736023}
EPOCH {"condition": "Z", "seed": 3, "epoch": 9, "train_loss": 0.25180473403930664, "val_trainlike_bis_mae": 3.936370233232481, "val_trainlike_map_mae": 5.493849469107775, "seconds": 157.37263321876526}
EPOCH {"condition": "Z", "seed": 3, "epoch": 10, "train_loss": 0.24793014273643493, "val_trainlike_bis_mae": 3.9630102930906808, "val_trainlike_map_mae": 5.496164410893173, "seconds": 175.45549321174622}
EPOCH {"condition": "Z", "seed": 3, "epoch": 11, "train_loss": 0.24830616712570192, "val_trainlike_bis_mae": 3.9456244592232155, "val_trainlike_map_mae": 5.4572736721134225, "seconds": 187.63999915122986}
EPOCH {"condition": "Z", "seed": 3, "epoch": 12, "train_loss": 0.24511378707885742, "val_trainlike_bis_mae": 3.9469614050973556, "val_trainlike_map_mae": 5.440621465985427, "seconds": 206.70955729484558}
TRAINED Z 3
EPOCH {"condition": "Z", "seed": 4, "epoch": 1, "train_loss": 0.3521245561599731, "val_trainlike_bis_mae": 4.070740459376958, "val_trainlike_map_mae": 6.5388089679605255, "seconds": 14.316230535507202}
EPOCH {"condition": "Z", "seed": 4, "epoch": 2, "train_loss": 0.3014267329216003, "val_trainlike_bis_mae": 4.049266283931291, "val_trainlike_map_mae": 5.87525843451478, "seconds": 33.992002725601196}
EPOCH {"condition": "Z", "seed": 4, "epoch": 3, "train_loss": 0.27139664511680606, "val_trainlike_bis_mae": 3.9555942308873644, "val_trainlike_map_mae": 5.718058169033398, "seconds": 53.85347533226013}
EPOCH {"condition": "Z", "seed": 4, "epoch": 4, "train_loss": 0.26507828307151793, "val_trainlike_bis_mae": 3.9473101333447755, "val_trainlike_map_mae": 5.681443205141011, "seconds": 72.97632193565369}
EPOCH {"condition": "Z", "seed": 4, "epoch": 5, "train_loss": 0.26222657408714295, "val_trainlike_bis_mae": 3.957629247655558, "val_trainlike_map_mae": 5.652315499045181, "seconds": 92.4675886631012}
EPOCH {"condition": "Z", "seed": 4, "epoch": 6, "train_loss": 0.259164545583725, "val_trainlike_bis_mae": 3.9461448500836385, "val_trainlike_map_mae": 5.589343429469816, "seconds": 111.0627555847168}
EPOCH {"condition": "Z", "seed": 4, "epoch": 7, "train_loss": 0.25649908618927003, "val_trainlike_bis_mae": 3.9704470866528823, "val_trainlike_map_mae": 5.6055490342053105, "seconds": 130.93939781188965}
EPOCH {"condition": "Z", "seed": 4, "epoch": 8, "train_loss": 0.2561334031820297, "val_trainlike_bis_mae": 3.928551338734224, "val_trainlike_map_mae": 5.536231502149471, "seconds": 150.57069277763367}
EPOCH {"condition": "Z", "seed": 4, "epoch": 9, "train_loss": 0.25256700654029846, "val_trainlike_bis_mae": 3.9817522167734594, "val_trainlike_map_mae": 5.59821371787362, "seconds": 170.11222529411316}
EPOCH {"condition": "Z", "seed": 4, "epoch": 10, "train_loss": 0.24802071485519409, "val_trainlike_bis_mae": 3.9388638396835103, "val_trainlike_map_mae": 5.476834347546138, "seconds": 181.69614148139954}
EPOCH {"condition": "Z", "seed": 4, "epoch": 11, "train_loss": 0.24665843386650085, "val_trainlike_bis_mae": 3.944349282883785, "val_trainlike_map_mae": 5.464987360783809, "seconds": 195.75273942947388}
EPOCH {"condition": "Z", "seed": 4, "epoch": 12, "train_loss": 0.24594510107040404, "val_trainlike_bis_mae": 3.945922042032205, "val_trainlike_map_mae": 5.46430095780965, "seconds": 210.28955364227295}
EPOCH {"condition": "Z", "seed": 4, "epoch": 13, "train_loss": 0.24496625781059264, "val_trainlike_bis_mae": 3.9587460223847626, "val_trainlike_map_mae": 5.428250610940124, "seconds": 229.9977753162384}
TRAINED Z 4
EPOCH {"condition": "R", "seed": 0, "epoch": 1, "train_loss": 0.3611928696155548, "val_trainlike_bis_mae": 4.132256009889623, "val_trainlike_map_mae": 6.535188228952228, "seconds": 19.86029577255249}
EPOCH {"condition": "R", "seed": 0, "epoch": 2, "train_loss": 0.3088074421405792, "val_trainlike_bis_mae": 4.024070352285645, "val_trainlike_map_mae": 6.029779941638677, "seconds": 39.24314856529236}
EPOCH {"condition": "R", "seed": 0, "epoch": 3, "train_loss": 0.2751271641731262, "val_trainlike_bis_mae": 3.95067079420586, "val_trainlike_map_mae": 5.683340845759521, "seconds": 54.7567663192749}
EPOCH {"condition": "R", "seed": 0, "epoch": 4, "train_loss": 0.2677473440170288, "val_trainlike_bis_mae": 3.9584237027559173, "val_trainlike_map_mae": 5.664467941761697, "seconds": 70.48545503616333}
EPOCH {"condition": "R", "seed": 0, "epoch": 5, "train_loss": 0.2649178659677506, "val_trainlike_bis_mae": 3.9361568705801226, "val_trainlike_map_mae": 5.629778255751486, "seconds": 87.39344692230225}
EPOCH {"condition": "R", "seed": 0, "epoch": 6, "train_loss": 0.26288052411079404, "val_trainlike_bis_mae": 4.007864726570094, "val_trainlike_map_mae": 5.569376728563415, "seconds": 106.597088098526}
EPOCH {"condition": "R", "seed": 0, "epoch": 7, "train_loss": 0.25800902557373045, "val_trainlike_bis_mae": 3.942310553351242, "val_trainlike_map_mae": 5.548388175455289, "seconds": 126.37573027610779}
EPOCH {"condition": "R", "seed": 0, "epoch": 8, "train_loss": 0.2571913594007492, "val_trainlike_bis_mae": 3.9366039132494044, "val_trainlike_map_mae": 5.504473951349952, "seconds": 145.82312774658203}
EPOCH {"condition": "R", "seed": 0, "epoch": 9, "train_loss": 0.255618582868576, "val_trainlike_bis_mae": 3.951358657634861, "val_trainlike_map_mae": 5.511733632010469, "seconds": 164.30272221565247}
EPOCH {"condition": "R", "seed": 0, "epoch": 10, "train_loss": 0.25425796709060666, "val_trainlike_bis_mae": 3.940606244211463, "val_trainlike_map_mae": 5.4618834766972295, "seconds": 183.84757018089294}
TRAINED R 0
EPOCH {"condition": "R", "seed": 1, "epoch": 1, "train_loss": 0.3622273687362671, "val_trainlike_bis_mae": 4.083999228694302, "val_trainlike_map_mae": 6.583928984082967, "seconds": 16.258570909500122}
EPOCH {"condition": "R", "seed": 1, "epoch": 2, "train_loss": 0.3212785475730896, "val_trainlike_bis_mae": 4.051724408168487, "val_trainlike_map_mae": 6.497893956567031, "seconds": 36.17991232872009}
EPOCH {"condition": "R", "seed": 1, "epoch": 3, "train_loss": 0.2782016733646393, "val_trainlike_bis_mae": 4.016724463438047, "val_trainlike_map_mae": 5.756134365068079, "seconds": 54.77731490135193}
EPOCH {"condition": "R", "seed": 1, "epoch": 4, "train_loss": 0.2695837005615234, "val_trainlike_bis_mae": 3.9420782972638277, "val_trainlike_map_mae": 5.674188058388411, "seconds": 69.31480836868286}
EPOCH {"condition": "R", "seed": 1, "epoch": 5, "train_loss": 0.26613300533294676, "val_trainlike_bis_mae": 3.980859526358433, "val_trainlike_map_mae": 5.669374451910315, "seconds": 80.93678498268127}
EPOCH {"condition": "R", "seed": 1, "epoch": 6, "train_loss": 0.2634075632095337, "val_trainlike_bis_mae": 3.936541692803684, "val_trainlike_map_mae": 5.631684126532676, "seconds": 99.86693620681763}
EPOCH {"condition": "R", "seed": 1, "epoch": 7, "train_loss": 0.26143630051612854, "val_trainlike_bis_mae": 3.9883945763305535, "val_trainlike_map_mae": 5.596622370862452, "seconds": 118.67553734779358}
EPOCH {"condition": "R", "seed": 1, "epoch": 8, "train_loss": 0.25895113441944123, "val_trainlike_bis_mae": 4.028595262740519, "val_trainlike_map_mae": 5.590118951685718, "seconds": 132.8031723499298}
EPOCH {"condition": "R", "seed": 1, "epoch": 9, "train_loss": 0.2548108795404434, "val_trainlike_bis_mae": 3.970167226492464, "val_trainlike_map_mae": 5.5506202125036115, "seconds": 150.51086449623108}
EPOCH {"condition": "R", "seed": 1, "epoch": 10, "train_loss": 0.25264678015708925, "val_trainlike_bis_mae": 3.928102202361183, "val_trainlike_map_mae": 5.674481522676382, "seconds": 169.0272901058197}
EPOCH {"condition": "R", "seed": 1, "epoch": 11, "train_loss": 0.2518770962238312, "val_trainlike_bis_mae": 3.935844724136546, "val_trainlike_map_mae": 5.495392196966362, "seconds": 189.01326513290405}
EPOCH {"condition": "R", "seed": 1, "epoch": 12, "train_loss": 0.2522522862434387, "val_trainlike_bis_mae": 3.947757065263984, "val_trainlike_map_mae": 5.456170594007891, "seconds": 206.24509811401367}
EPOCH {"condition": "R", "seed": 1, "epoch": 13, "train_loss": 0.24885380005836485, "val_trainlike_bis_mae": 3.9603048059287445, "val_trainlike_map_mae": 5.442317717150735, "seconds": 226.70115160942078}
EPOCH {"condition": "R", "seed": 1, "epoch": 14, "train_loss": 0.24866345434188844, "val_trainlike_bis_mae": 3.9568674875588643, "val_trainlike_map_mae": 5.45501993014925, "seconds": 245.84199023246765}
EPOCH {"condition": "R", "seed": 1, "epoch": 15, "train_loss": 0.2468718403339386, "val_trainlike_bis_mae": 3.9630774234563, "val_trainlike_map_mae": 5.450798821317966, "seconds": 265.11470127105713}
TRAINED R 1
EPOCH {"condition": "R", "seed": 2, "epoch": 1, "train_loss": 0.35668439054489137, "val_trainlike_bis_mae": 4.076002395745577, "val_trainlike_map_mae": 6.521587834863752, "seconds": 20.072808027267456}
EPOCH {"condition": "R", "seed": 2, "epoch": 2, "train_loss": 0.32022588686943054, "val_trainlike_bis_mae": 4.033196577561166, "val_trainlike_map_mae": 6.600258940633634, "seconds": 39.362624168395996}
EPOCH {"condition": "R", "seed": 2, "epoch": 3, "train_loss": 0.28080745038986205, "val_trainlike_bis_mae": 3.9853662395215665, "val_trainlike_map_mae": 5.788083662610379, "seconds": 58.13797092437744}
EPOCH {"condition": "R", "seed": 2, "epoch": 4, "train_loss": 0.2698260594844818, "val_trainlike_bis_mae": 4.024763911432681, "val_trainlike_map_mae": 5.707109368651471, "seconds": 77.64298725128174}
EPOCH {"condition": "R", "seed": 2, "epoch": 5, "train_loss": 0.2653896839618683, "val_trainlike_bis_mae": 3.9528635138040578, "val_trainlike_map_mae": 5.644658319338354, "seconds": 97.3995680809021}
EPOCH {"condition": "R", "seed": 2, "epoch": 6, "train_loss": 0.2603960531711578, "val_trainlike_bis_mae": 3.968727807794915, "val_trainlike_map_mae": 5.575329188872411, "seconds": 116.50629544258118}
EPOCH {"condition": "R", "seed": 2, "epoch": 7, "train_loss": 0.25774575185775755, "val_trainlike_bis_mae": 3.9279177481147594, "val_trainlike_map_mae": 5.521128314214385, "seconds": 136.2395579814911}
EPOCH {"condition": "R", "seed": 2, "epoch": 8, "train_loss": 0.25760482664108275, "val_trainlike_bis_mae": 3.9661070919030683, "val_trainlike_map_mae": 5.5656260651421166, "seconds": 150.556823015213}
EPOCH {"condition": "R", "seed": 2, "epoch": 9, "train_loss": 0.25686823735237124, "val_trainlike_bis_mae": 3.9438551318799213, "val_trainlike_map_mae": 5.469075573737743, "seconds": 167.85565328598022}
EPOCH {"condition": "R", "seed": 2, "epoch": 10, "train_loss": 0.2536713960647583, "val_trainlike_bis_mae": 3.935707953070321, "val_trainlike_map_mae": 5.486547454338557, "seconds": 183.9217405319214}
EPOCH {"condition": "R", "seed": 2, "epoch": 11, "train_loss": 0.2532467645168304, "val_trainlike_bis_mae": 3.9317363816225592, "val_trainlike_map_mae": 5.5034233138588675, "seconds": 199.4076361656189}
EPOCH {"condition": "R", "seed": 2, "epoch": 12, "train_loss": 0.25077368035316466, "val_trainlike_bis_mae": 3.935692545625655, "val_trainlike_map_mae": 5.45293315097536, "seconds": 217.65851855278015}
TRAINED R 2
EPOCH {"condition": "R", "seed": 3, "epoch": 1, "train_loss": 0.36014191551208496, "val_trainlike_bis_mae": 4.107024487916977, "val_trainlike_map_mae": 6.598111533006144, "seconds": 14.22225046157837}
EPOCH {"condition": "R", "seed": 3, "epoch": 2, "train_loss": 0.3114030498981476, "val_trainlike_bis_mae": 4.070645841898005, "val_trainlike_map_mae": 5.920115016655719, "seconds": 33.78568482398987}
EPOCH {"condition": "R", "seed": 3, "epoch": 3, "train_loss": 0.2815850902080536, "val_trainlike_bis_mae": 3.9786175414361376, "val_trainlike_map_mae": 5.869434427876194, "seconds": 52.66390085220337}
EPOCH {"condition": "R", "seed": 3, "epoch": 4, "train_loss": 0.2744584166049957, "val_trainlike_bis_mae": 3.9690263847176546, "val_trainlike_map_mae": 5.808559199893457, "seconds": 71.81515622138977}
EPOCH {"condition": "R", "seed": 3, "epoch": 5, "train_loss": 0.26866718101501463, "val_trainlike_bis_mae": 3.9403290104099162, "val_trainlike_map_mae": 5.734347394478981, "seconds": 85.26592111587524}
EPOCH {"condition": "R", "seed": 3, "epoch": 6, "train_loss": 0.26413433141708376, "val_trainlike_bis_mae": 3.9986466973948547, "val_trainlike_map_mae": 5.6734906089734904, "seconds": 101.94503831863403}
EPOCH {"condition": "R", "seed": 3, "epoch": 7, "train_loss": 0.2634410916805267, "val_trainlike_bis_mae": 3.9398104179197246, "val_trainlike_map_mae": 5.617886353145259, "seconds": 118.98530197143555}
EPOCH {"condition": "R", "seed": 3, "epoch": 8, "train_loss": 0.2582675531387329, "val_trainlike_bis_mae": 3.933834383539358, "val_trainlike_map_mae": 5.587685320620475, "seconds": 139.22037482261658}
EPOCH {"condition": "R", "seed": 3, "epoch": 9, "train_loss": 0.25765887150764466, "val_trainlike_bis_mae": 3.917414825599645, "val_trainlike_map_mae": 5.56753373467324, "seconds": 159.6270694732666}
EPOCH {"condition": "R", "seed": 3, "epoch": 10, "train_loss": 0.25368180856704714, "val_trainlike_bis_mae": 3.9415207787599162, "val_trainlike_map_mae": 5.553875530172725, "seconds": 180.28467202186584}
EPOCH {"condition": "R", "seed": 3, "epoch": 11, "train_loss": 0.2514115467071533, "val_trainlike_bis_mae": 3.954853587137904, "val_trainlike_map_mae": 5.5942531456256654, "seconds": 200.03916239738464}
EPOCH {"condition": "R", "seed": 3, "epoch": 12, "train_loss": 0.25272079286575316, "val_trainlike_bis_mae": 3.937923777243252, "val_trainlike_map_mae": 5.507520943797741, "seconds": 219.90142273902893}
EPOCH {"condition": "R", "seed": 3, "epoch": 13, "train_loss": 0.25330009822845456, "val_trainlike_bis_mae": 3.9376665575620233, "val_trainlike_map_mae": 5.444361174666942, "seconds": 239.21712803840637}
EPOCH {"condition": "R", "seed": 3, "epoch": 14, "train_loss": 0.24974168128967286, "val_trainlike_bis_mae": 3.934665953098673, "val_trainlike_map_mae": 5.465779897057894, "seconds": 255.673583984375}
TRAINED R 3
EPOCH {"condition": "R", "seed": 4, "epoch": 1, "train_loss": 0.35962997608184816, "val_trainlike_bis_mae": 4.05591408342649, "val_trainlike_map_mae": 6.585944188880876, "seconds": 20.18217945098877}
EPOCH {"condition": "R", "seed": 4, "epoch": 2, "train_loss": 0.3204880932331085, "val_trainlike_bis_mae": 4.011049358101015, "val_trainlike_map_mae": 6.691293348462584, "seconds": 39.88843488693237}
EPOCH {"condition": "R", "seed": 4, "epoch": 3, "train_loss": 0.2776114852666855, "val_trainlike_bis_mae": 3.9619708614659612, "val_trainlike_map_mae": 5.738741581850317, "seconds": 53.97839045524597}
EPOCH {"condition": "R", "seed": 4, "epoch": 4, "train_loss": 0.26958108801841735, "val_trainlike_bis_mae": 3.959761455523446, "val_trainlike_map_mae": 5.669042854123779, "seconds": 74.13219451904297}
EPOCH {"condition": "R", "seed": 4, "epoch": 5, "train_loss": 0.26197325954437256, "val_trainlike_bis_mae": 3.9505473078745705, "val_trainlike_map_mae": 5.692210121925619, "seconds": 93.70964193344116}
EPOCH {"condition": "R", "seed": 4, "epoch": 6, "train_loss": 0.26229671030044555, "val_trainlike_bis_mae": 3.979658159668781, "val_trainlike_map_mae": 5.633425619785742, "seconds": 113.63202619552612}
EPOCH {"condition": "R", "seed": 4, "epoch": 7, "train_loss": 0.26116655678749084, "val_trainlike_bis_mae": 3.942281465635666, "val_trainlike_map_mae": 5.5886837167703876, "seconds": 133.2033975124359}
EPOCH {"condition": "R", "seed": 4, "epoch": 8, "train_loss": 0.25858086524009705, "val_trainlike_bis_mae": 3.9284242899422566, "val_trainlike_map_mae": 5.549641092957139, "seconds": 151.41406798362732}
EPOCH {"condition": "R", "seed": 4, "epoch": 9, "train_loss": 0.25556250739097597, "val_trainlike_bis_mae": 3.9349436299005114, "val_trainlike_map_mae": 5.4940993419255735, "seconds": 170.00732231140137}
EPOCH {"condition": "R", "seed": 4, "epoch": 10, "train_loss": 0.2538652855873108, "val_trainlike_bis_mae": 3.9324998082441596, "val_trainlike_map_mae": 5.500236260513164, "seconds": 188.47039103507996}
EPOCH {"condition": "R", "seed": 4, "epoch": 11, "train_loss": 0.2526082985877991, "val_trainlike_bis_mae": 3.961992855903059, "val_trainlike_map_mae": 5.4510603207615524, "seconds": 205.73660278320312}
EPOCH {"condition": "R", "seed": 4, "epoch": 12, "train_loss": 0.25213815026283265, "val_trainlike_bis_mae": 3.9531910966982724, "val_trainlike_map_mae": 5.465987472800079, "seconds": 224.0090844631195}
EPOCH {"condition": "R", "seed": 4, "epoch": 13, "train_loss": 0.24920109963417053, "val_trainlike_bis_mae": 3.9380405078200944, "val_trainlike_map_mae": 5.565437855940869, "seconds": 243.83069944381714}
TRAINED R 4
TRAIN_CONDITIONS_COMPLETE
