/opt/conda/lib/python3.12/site-packages/sklearn/linear_model/_ridge.py:227: LinAlgWarning: An ill-conditioned matrix detected: slice 0 has rcond = 3.315891783373104e-09.
  return linalg.solve(A, Xy, assume_a="pos", overwrite_a=True).T
CURRENT BIS
CURRENT MAP
/opt/conda/lib/python3.12/site-packages/sklearn/linear_model/_ridge.py:227: LinAlgWarning: An ill-conditioned matrix detected: slice 0 has rcond = 2.313231828310336e-09.
  return linalg.solve(A, Xy, assume_a="pos", overwrite_a=True).T
CURRENT HR
/opt/conda/lib/python3.12/site-packages/sklearn/linear_model/_ridge.py:227: LinAlgWarning: An ill-conditioned matrix detected: slice 0 has rcond = 3.315891783373104e-09.
  return linalg.solve(A, Xy, assume_a="pos", overwrite_a=True).T
/opt/conda/lib/python3.12/site-packages/sklearn/linear_model/_ridge.py:227: LinAlgWarning: An ill-conditioned matrix detected: slice 0 has rcond = 5.79067638284414e-08.
  return linalg.solve(A, Xy, assume_a="pos", overwrite_a=True).T
/opt/conda/lib/python3.12/site-packages/sklearn/linear_model/_ridge.py:227: LinAlgWarning: An ill-conditioned matrix detected: slice 0 has rcond = 2.7742095287663915e-09.
  return linalg.solve(A, Xy, assume_a="pos", overwrite_a=True).T
/opt/conda/lib/python3.12/site-packages/sklearn/linear_model/_ridge.py:227: LinAlgWarning: An ill-conditioned matrix detected: slice 0 has rcond = 4.895125726989136e-08.
  return linalg.solve(A, Xy, assume_a="pos", overwrite_a=True).T
/opt/conda/lib/python3.12/site-packages/sklearn/linear_model/_ridge.py:227: LinAlgWarning: An ill-conditioned matrix detected: slice 0 has rcond = 5.385876189478722e-09.
  return linalg.solve(A, Xy, assume_a="pos", overwrite_a=True).T
/opt/conda/lib/python3.12/site-packages/sklearn/linear_model/_ridge.py:227: LinAlgWarning: An ill-conditioned matrix detected: slice 0 has rcond = 4.895125726989136e-08.
  return linalg.solve(A, Xy, assume_a="pos", overwrite_a=True).T
CHANGE 3 BIS
/opt/conda/lib/python3.12/site-packages/sklearn/linear_model/_ridge.py:227: LinAlgWarning: An ill-conditioned matrix detected: slice 0 has rcond = 8.90379947549036e-09.
  return linalg.solve(A, Xy, assume_a="pos", overwrite_a=True).T
/opt/conda/lib/python3.12/site-packages/sklearn/linear_model/_ridge.py:227: LinAlgWarning: An ill-conditioned matrix detected: slice 0 has rcond = 9.225200159335145e-09.
  return linalg.solve(A, Xy, assume_a="pos", overwrite_a=True).T
/opt/conda/lib/python3.12/site-packages/sklearn/linear_model/_ridge.py:227: LinAlgWarning: An ill-conditioned matrix detected: slice 0 has rcond = 5.805286562576839e-08.
  return linalg.solve(A, Xy, assume_a="pos", overwrite_a=True).T
/opt/conda/lib/python3.12/site-packages/sklearn/linear_model/_ridge.py:227: LinAlgWarning: An ill-conditioned matrix detected: slice 0 has rcond = 1.5766424832364123e-09.
  return linalg.solve(A, Xy, assume_a="pos", overwrite_a=True).T
/opt/conda/lib/python3.12/site-packages/sklearn/linear_model/_ridge.py:227: LinAlgWarning: An ill-conditioned matrix detected: slice 0 has rcond = 5.805286562576839e-08.
  return linalg.solve(A, Xy, assume_a="pos", overwrite_a=True).T
CHANGE 3 MAP
/opt/conda/lib/python3.12/site-packages/sklearn/linear_model/_ridge.py:227: LinAlgWarning: An ill-conditioned matrix detected: slice 0 has rcond = 4.331621727970969e-09.
  return linalg.solve(A, Xy, assume_a="pos", overwrite_a=True).T
/opt/conda/lib/python3.12/site-packages/sklearn/linear_model/_ridge.py:227: LinAlgWarning: An ill-conditioned matrix detected: slice 0 has rcond = 4.5478900645434805e-09.
  return linalg.solve(A, Xy, assume_a="pos", overwrite_a=True).T
/opt/conda/lib/python3.12/site-packages/sklearn/linear_model/_ridge.py:227: LinAlgWarning: An ill-conditioned matrix detected: slice 0 has rcond = 6.985812461834939e-08.
  return linalg.solve(A, Xy, assume_a="pos", overwrite_a=True).T
/opt/conda/lib/python3.12/site-packages/sklearn/linear_model/_ridge.py:227: LinAlgWarning: An ill-conditioned matrix detected: slice 0 has rcond = 6.985812461834939e-08.
  return linalg.solve(A, Xy, assume_a="pos", overwrite_a=True).T
CHANGE 3 HR
/opt/conda/lib/python3.12/site-packages/sklearn/linear_model/_ridge.py:227: LinAlgWarning: An ill-conditioned matrix detected: slice 0 has rcond = 3.315891783373104e-09.
  return linalg.solve(A, Xy, assume_a="pos", overwrite_a=True).T
/opt/conda/lib/python3.12/site-packages/sklearn/linear_model/_ridge.py:227: LinAlgWarning: An ill-conditioned matrix detected: slice 0 has rcond = 2.949871680257843e-09.
  return linalg.solve(A, Xy, assume_a="pos", overwrite_a=True).T
/opt/conda/lib/python3.12/site-packages/sklearn/linear_model/_ridge.py:227: LinAlgWarning: An ill-conditioned matrix detected: slice 0 has rcond = 3.073072107895314e-08.
  return linalg.solve(A, Xy, assume_a="pos", overwrite_a=True).T
/opt/conda/lib/python3.12/site-packages/sklearn/linear_model/_ridge.py:227: LinAlgWarning: An ill-conditioned matrix detected: slice 0 has rcond = 7.731872919691796e-09.
  return linalg.solve(A, Xy, assume_a="pos", overwrite_a=True).T
/opt/conda/lib/python3.12/site-packages/sklearn/linear_model/_ridge.py:227: LinAlgWarning: An ill-conditioned matrix detected: slice 0 has rcond = 3.073072107895314e-08.
  return linalg.solve(A, Xy, assume_a="pos", overwrite_a=True).T
CHANGE 6 BIS
/opt/conda/lib/python3.12/site-packages/sklearn/linear_model/_ridge.py:227: LinAlgWarning: An ill-conditioned matrix detected: slice 0 has rcond = 3.421338989895162e-09.
  return linalg.solve(A, Xy, assume_a="pos", overwrite_a=True).T
/opt/conda/lib/python3.12/site-packages/sklearn/linear_model/_ridge.py:227: LinAlgWarning: An ill-conditioned matrix detected: slice 0 has rcond = 7.580938188311848e-08.
  return linalg.solve(A, Xy, assume_a="pos", overwrite_a=True).T
/opt/conda/lib/python3.12/site-packages/sklearn/linear_model/_ridge.py:227: LinAlgWarning: An ill-conditioned matrix detected: slice 0 has rcond = 2.429631384970321e-09.
  return linalg.solve(A, Xy, assume_a="pos", overwrite_a=True).T
/opt/conda/lib/python3.12/site-packages/sklearn/linear_model/_ridge.py:227: LinAlgWarning: An ill-conditioned matrix detected: slice 0 has rcond = 3.827204508866089e-08.
  return linalg.solve(A, Xy, assume_a="pos", overwrite_a=True).T
/opt/conda/lib/python3.12/site-packages/sklearn/linear_model/_ridge.py:227: LinAlgWarning: An ill-conditioned matrix detected: slice 0 has rcond = 3.827204508866089e-08.
  return linalg.solve(A, Xy, assume_a="pos", overwrite_a=True).T
CHANGE 6 MAP
/opt/conda/lib/python3.12/site-packages/sklearn/linear_model/_ridge.py:227: LinAlgWarning: An ill-conditioned matrix detected: slice 0 has rcond = 1.0924025239944513e-08.
  return linalg.solve(A, Xy, assume_a="pos", overwrite_a=True).T
/opt/conda/lib/python3.12/site-packages/sklearn/linear_model/_ridge.py:227: LinAlgWarning: An ill-conditioned matrix detected: slice 0 has rcond = 8.451529964759175e-08.
  return linalg.solve(A, Xy, assume_a="pos", overwrite_a=True).T
/opt/conda/lib/python3.12/site-packages/sklearn/linear_model/_ridge.py:227: LinAlgWarning: An ill-conditioned matrix detected: slice 0 has rcond = 8.719609034812947e-09.
  return linalg.solve(A, Xy, assume_a="pos", overwrite_a=True).T
/opt/conda/lib/python3.12/site-packages/sklearn/linear_model/_ridge.py:227: LinAlgWarning: An ill-conditioned matrix detected: slice 0 has rcond = 4.5992450736775936e-08.
  return linalg.solve(A, Xy, assume_a="pos", overwrite_a=True).T
/opt/conda/lib/python3.12/site-packages/sklearn/linear_model/_ridge.py:227: LinAlgWarning: An ill-conditioned matrix detected: slice 0 has rcond = 7.198810880737483e-09.
  return linalg.solve(A, Xy, assume_a="pos", overwrite_a=True).T
/opt/conda/lib/python3.12/site-packages/sklearn/linear_model/_ridge.py:227: LinAlgWarning: An ill-conditioned matrix detected: slice 0 has rcond = 4.5992450736775936e-08.
  return linalg.solve(A, Xy, assume_a="pos", overwrite_a=True).T
CHANGE 6 HR
/opt/conda/lib/python3.12/site-packages/sklearn/linear_model/_ridge.py:227: LinAlgWarning: An ill-conditioned matrix detected: slice 0 has rcond = 3.315891783373104e-09.
  return linalg.solve(A, Xy, assume_a="pos", overwrite_a=True).T
/opt/conda/lib/python3.12/site-packages/sklearn/linear_model/_ridge.py:227: LinAlgWarning: An ill-conditioned matrix detected: slice 0 has rcond = 2.8106510452374778e-09.
  return linalg.solve(A, Xy, assume_a="pos", overwrite_a=True).T
/opt/conda/lib/python3.12/site-packages/sklearn/linear_model/_ridge.py:227: LinAlgWarning: An ill-conditioned matrix detected: slice 0 has rcond = 4.3597843557563465e-08.
  return linalg.solve(A, Xy, assume_a="pos", overwrite_a=True).T
/opt/conda/lib/python3.12/site-packages/sklearn/linear_model/_ridge.py:227: LinAlgWarning: An ill-conditioned matrix detected: slice 0 has rcond = 6.080566272714805e-09.
  return linalg.solve(A, Xy, assume_a="pos", overwrite_a=True).T
/opt/conda/lib/python3.12/site-packages/sklearn/linear_model/_ridge.py:227: LinAlgWarning: An ill-conditioned matrix detected: slice 0 has rcond = 4.3597843557563465e-08.
  return linalg.solve(A, Xy, assume_a="pos", overwrite_a=True).T
CHANGE 18 BIS
/opt/conda/lib/python3.12/site-packages/sklearn/linear_model/_ridge.py:227: LinAlgWarning: An ill-conditioned matrix detected: slice 0 has rcond = 3.473554954780411e-08.
  return linalg.solve(A, Xy, assume_a="pos", overwrite_a=True).T
/opt/conda/lib/python3.12/site-packages/sklearn/linear_model/_ridge.py:227: LinAlgWarning: An ill-conditioned matrix detected: slice 0 has rcond = 1.109359892836892e-08.
  return linalg.solve(A, Xy, assume_a="pos", overwrite_a=True).T
/opt/conda/lib/python3.12/site-packages/sklearn/linear_model/_ridge.py:227: LinAlgWarning: An ill-conditioned matrix detected: slice 0 has rcond = 3.473554954780411e-08.
  return linalg.solve(A, Xy, assume_a="pos", overwrite_a=True).T
CHANGE 18 MAP
/opt/conda/lib/python3.12/site-packages/sklearn/linear_model/_ridge.py:227: LinAlgWarning: An ill-conditioned matrix detected: slice 0 has rcond = 7.567728665947016e-09.
  return linalg.solve(A, Xy, assume_a="pos", overwrite_a=True).T
/opt/conda/lib/python3.12/site-packages/sklearn/linear_model/_ridge.py:227: LinAlgWarning: An ill-conditioned matrix detected: slice 0 has rcond = 7.421155689968373e-09.
  return linalg.solve(A, Xy, assume_a="pos", overwrite_a=True).T
/opt/conda/lib/python3.12/site-packages/sklearn/linear_model/_ridge.py:227: LinAlgWarning: An ill-conditioned matrix detected: slice 0 has rcond = 5.094103627811819e-08.
  return linalg.solve(A, Xy, assume_a="pos", overwrite_a=True).T
/opt/conda/lib/python3.12/site-packages/sklearn/linear_model/_ridge.py:227: LinAlgWarning: An ill-conditioned matrix detected: slice 0 has rcond = 3.5251306318428988e-09.
  return linalg.solve(A, Xy, assume_a="pos", overwrite_a=True).T
/opt/conda/lib/python3.12/site-packages/sklearn/linear_model/_ridge.py:227: LinAlgWarning: An ill-conditioned matrix detected: slice 0 has rcond = 5.094103627811819e-08.
  return linalg.solve(A, Xy, assume_a="pos", overwrite_a=True).T
CHANGE 18 HR
/opt/conda/lib/python3.12/site-packages/sklearn/linear_model/_ridge.py:227: LinAlgWarning: An ill-conditioned matrix detected: slice 0 has rcond = 3.315891783373104e-09.
  return linalg.solve(A, Xy, assume_a="pos", overwrite_a=True).T
/opt/conda/lib/python3.12/site-packages/sklearn/linear_model/_ridge.py:227: LinAlgWarning: An ill-conditioned matrix detected: slice 0 has rcond = 2.86622281464588e-09.
  return linalg.solve(A, Xy, assume_a="pos", overwrite_a=True).T
/opt/conda/lib/python3.12/site-packages/sklearn/linear_model/_ridge.py:227: LinAlgWarning: An ill-conditioned matrix detected: slice 0 has rcond = 2.6172084943709706e-08.
  return linalg.solve(A, Xy, assume_a="pos", overwrite_a=True).T
/opt/conda/lib/python3.12/site-packages/sklearn/linear_model/_ridge.py:227: LinAlgWarning: An ill-conditioned matrix detected: slice 0 has rcond = 8.415400820638297e-09.
  return linalg.solve(A, Xy, assume_a="pos", overwrite_a=True).T
/opt/conda/lib/python3.12/site-packages/sklearn/linear_model/_ridge.py:227: LinAlgWarning: An ill-conditioned matrix detected: slice 0 has rcond = 2.6172084943709706e-08.
  return linalg.solve(A, Xy, assume_a="pos", overwrite_a=True).T
CHANGE 30 BIS
/opt/conda/lib/python3.12/site-packages/sklearn/linear_model/_ridge.py:227: LinAlgWarning: An ill-conditioned matrix detected: slice 0 has rcond = 8.408001406223775e-08.
  return linalg.solve(A, Xy, assume_a="pos", overwrite_a=True).T
/opt/conda/lib/python3.12/site-packages/sklearn/linear_model/_ridge.py:227: LinAlgWarning: An ill-conditioned matrix detected: slice 0 has rcond = 3.377974522322802e-08.
  return linalg.solve(A, Xy, assume_a="pos", overwrite_a=True).T
/opt/conda/lib/python3.12/site-packages/sklearn/linear_model/_ridge.py:227: LinAlgWarning: An ill-conditioned matrix detected: slice 0 has rcond = 8.796772199559655e-09.
  return linalg.solve(A, Xy, assume_a="pos", overwrite_a=True).T
/opt/conda/lib/python3.12/site-packages/sklearn/linear_model/_ridge.py:227: LinAlgWarning: An ill-conditioned matrix detected: slice 0 has rcond = 3.377974522322802e-08.
  return linalg.solve(A, Xy, assume_a="pos", overwrite_a=True).T
CHANGE 30 MAP
/opt/conda/lib/python3.12/site-packages/sklearn/linear_model/_ridge.py:227: LinAlgWarning: An ill-conditioned matrix detected: slice 0 has rcond = 6.551470033144824e-09.
  return linalg.solve(A, Xy, assume_a="pos", overwrite_a=True).T
/opt/conda/lib/python3.12/site-packages/sklearn/linear_model/_ridge.py:227: LinAlgWarning: An ill-conditioned matrix detected: slice 0 has rcond = 6.178511924304075e-09.
  return linalg.solve(A, Xy, assume_a="pos", overwrite_a=True).T
/opt/conda/lib/python3.12/site-packages/sklearn/linear_model/_ridge.py:227: LinAlgWarning: An ill-conditioned matrix detected: slice 0 has rcond = 7.072694785392741e-08.
  return linalg.solve(A, Xy, assume_a="pos", overwrite_a=True).T
/opt/conda/lib/python3.12/site-packages/sklearn/linear_model/_ridge.py:227: LinAlgWarning: An ill-conditioned matrix detected: slice 0 has rcond = 1.2955116979185277e-08.
  return linalg.solve(A, Xy, assume_a="pos", overwrite_a=True).T
/opt/conda/lib/python3.12/site-packages/sklearn/linear_model/_ridge.py:227: LinAlgWarning: An ill-conditioned matrix detected: slice 0 has rcond = 7.072694785392741e-08.
  return linalg.solve(A, Xy, assume_a="pos", overwrite_a=True).T
CHANGE 30 HR
/opt/conda/lib/python3.12/site-packages/sklearn/linear_model/_ridge.py:227: LinAlgWarning: An ill-conditioned matrix detected: slice 0 has rcond = 3.526841263479241e-09.
  return linalg.solve(A, Xy, assume_a="pos", overwrite_a=True).T
/opt/conda/lib/python3.12/site-packages/sklearn/linear_model/_ridge.py:227: LinAlgWarning: An ill-conditioned matrix detected: slice 0 has rcond = 5.631290989072113e-09.
  return linalg.solve(A, Xy, assume_a="pos", overwrite_a=True).T
/opt/conda/lib/python3.12/site-packages/sklearn/linear_model/_ridge.py:227: LinAlgWarning: An ill-conditioned matrix detected: slice 0 has rcond = 1.0440110109755096e-08.
  return linalg.solve(A, Xy, assume_a="pos", overwrite_a=True).T
/opt/conda/lib/python3.12/site-packages/sklearn/linear_model/_ridge.py:227: LinAlgWarning: An ill-conditioned matrix detected: slice 0 has rcond = 1.2614714606229427e-08.
  return linalg.solve(A, Xy, assume_a="pos", overwrite_a=True).T
/opt/conda/lib/python3.12/site-packages/sklearn/linear_model/_ridge.py:227: LinAlgWarning: An ill-conditioned matrix detected: slice 0 has rcond = 1.2513198477392962e-08.
  return linalg.solve(A, Xy, assume_a="pos", overwrite_a=True).T
/opt/conda/lib/python3.12/site-packages/sklearn/linear_model/_ridge.py:227: LinAlgWarning: An ill-conditioned matrix detected: slice 0 has rcond = 1.0456617793863643e-08.
  return linalg.solve(A, Xy, assume_a="pos", overwrite_a=True).T
/opt/conda/lib/python3.12/site-packages/sklearn/linear_model/_ridge.py:227: LinAlgWarning: An ill-conditioned matrix detected: slice 0 has rcond = 1.6627787147172057e-08.
  return linalg.solve(A, Xy, assume_a="pos", overwrite_a=True).T
/opt/conda/lib/python3.12/site-packages/sklearn/linear_model/_ridge.py:227: LinAlgWarning: An ill-conditioned matrix detected: slice 0 has rcond = 7.799340728809057e-09.
  return linalg.solve(A, Xy, assume_a="pos", overwrite_a=True).T
RIDGE_PROBES_COMPLETE
