Looking in indexes: https://pypi.tuna.tsinghua.edu.cn/simple
Collecting pandas
  Downloading https://pypi.tuna.tsinghua.edu.cn/packages/cb/67/0c0f18e38d7f2d2af8c24b3315bc4046e73bbdd4a5540405506671ad0c0d/pandas-3.0.6-cp312-cp312-manylinux_2_24_x86_64.manylinux_2_28_x86_64.whl (10.8 MB)
     ━━━━━━━━━━━━━━━━━━━━━━━━━━━━━━━━━━━━━━━━ 10.8/10.8 MB 51.3 MB/s eta 0:00:00
Collecting scikit-learn
  Downloading https://pypi.tuna.tsinghua.edu.cn/packages/8e/57/a50162f3d29feb979ab6347c6debda506dfb525bcff3c50dd17606651c7e/scikit_learn-1.9.1-cp312-cp312-manylinux_2_27_x86_64.manylinux_2_28_x86_64.whl (9.2 MB)
     ━━━━━━━━━━━━━━━━━━━━━━━━━━━━━━━━━━━━━━━━ 9.2/9.2 MB 55.2 MB/s eta 0:00:00
Collecting vitaldb
  Downloading https://pypi.tuna.tsinghua.edu.cn/packages/51/97/940bf86430760cec92aa59e4e0159030b4fe174f35377e8df88bf8f8da44/vitaldb-1.7.2-py3-none-any.whl (68 kB)
Collecting scipy
  Downloading https://pypi.tuna.tsinghua.edu.cn/packages/df/64/ff35eb9e54894cf471ff4716abd3c81eb0a0626869217ce3e6ba4ccf17d7/scipy-1.18.1-cp312-cp312-manylinux_2_27_x86_64.manylinux_2_28_x86_64.whl (35.3 MB)
     ━━━━━━━━━━━━━━━━━━━━━━━━━━━━━━━━━━━━━━━━ 35.3/35.3 MB 26.5 MB/s eta 0:00:00
Requirement already satisfied: requests in /opt/conda/lib/python3.12/site-packages (2.34.2)
Requirement already satisfied: pyyaml in /opt/conda/lib/python3.12/site-packages (6.0.3)
Collecting pyarrow
  Downloading https://pypi.tuna.tsinghua.edu.cn/packages/60/c9/711ca85d79f1ec98f29a5eae2b051e25b4ecec5de3e3c0e2d5c5dcb15664/pyarrow-25.0.1-cp312-cp312-manylinux_2_28_x86_64.whl (50.1 MB)
     ━━━━━━━━━━━━━━━━━━━━━━━━━━━━━━━━━━━━━━━━ 50.1/50.1 MB 17.2 MB/s eta 0:00:00
Requirement already satisfied: numpy>=1.26.0 in /opt/conda/lib/python3.12/site-packages (from pandas) (2.4.4)
Requirement already satisfied: python-dateutil>=2.8.2 in /opt/conda/lib/python3.12/site-packages (from pandas) (2.9.0.post0)
Collecting joblib>=1.4.0 (from scikit-learn)
  Downloading https://pypi.tuna.tsinghua.edu.cn/packages/18/53/84099323c2ec4be98d935f63c033ac4151ee83836ca1050ede3b3aadf155/joblib-1.6.0-py3-none-any.whl (306 kB)
Collecting narwhals>=2.0.1 (from scikit-learn)
  Downloading https://pypi.tuna.tsinghua.edu.cn/packages/40/b5/1b84b2c784db76d69442334bc8b8748c840f13ca53be086f4f250ad4a0bc/narwhals-2.26.0-py3-none-any.whl (474 kB)
Collecting threadpoolctl>=3.5.0 (from scikit-learn)
  Downloading https://pypi.tuna.tsinghua.edu.cn/packages/43/3f/f88a53f60a472b46f4023f56d204dd7de33d34c5d2acbfa0d70a674e639e/threadpoolctl-3.7.0-py3-none-any.whl (26 kB)
Collecting wfdb (from vitaldb)
  Downloading https://pypi.tuna.tsinghua.edu.cn/packages/d7/45/05cc2ecbf61163bbbb18678dcdc7e7e7285f9f50f4dcf96a9ff07633ac52/wfdb-4.3.1-py3-none-any.whl (163 kB)
Requirement already satisfied: charset_normalizer<4,>=2 in /opt/conda/lib/python3.12/site-packages (from requests) (3.4.7)
Requirement already satisfied: idna<4,>=2.5 in /opt/conda/lib/python3.12/site-packages (from requests) (3.18)
Requirement already satisfied: urllib3<3,>=1.26 in /opt/conda/lib/python3.12/site-packages (from requests) (2.7.0)
Requirement already satisfied: certifi>=2023.5.7 in /opt/conda/lib/python3.12/site-packages (from requests) (2026.6.17)
Collecting cloudpickle>=3.0 (from joblib>=1.4.0->scikit-learn)
  Downloading https://pypi.tuna.tsinghua.edu.cn/packages/88/39/799be3f2f0f38cc727ee3b4f1445fe6d5e4133064ec2e4115069418a5bb6/cloudpickle-3.1.2-py3-none-any.whl (22 kB)
Requirement already satisfied: six>=1.5 in /opt/conda/lib/python3.12/site-packages (from python-dateutil>=2.8.2->pandas) (1.17.0)
Collecting aiohttp>=3.10.11 (from wfdb->vitaldb)
  Downloading https://pypi.tuna.tsinghua.edu.cn/packages/52/b7/7cd31f29d6055bd711ae6e669367fba6f5ae9de463910a793e30556a8db7/aiohttp-3.14.3-cp312-cp312-manylinux2014_x86_64.manylinux_2_17_x86_64.manylinux_2_28_x86_64.whl (1.8 MB)
     ━━━━━━━━━━━━━━━━━━━━━━━━━━━━━━━━━━━━━━━━ 1.8/1.8 MB 27.7 MB/s eta 0:00:00
Requirement already satisfied: fsspec>=2023.10.0 in /opt/conda/lib/python3.12/site-packages (from wfdb->vitaldb) (2026.4.0)
Requirement already satisfied: matplotlib>=3.2.2 in /opt/conda/lib/python3.12/site-packages (from wfdb->vitaldb) (3.11.1)
Collecting soundfile>=0.10.0 (from wfdb->vitaldb)
  Downloading https://pypi.tuna.tsinghua.edu.cn/packages/7b/a2/70fd4432b924684c372df8b0a45708c36c057ef3596c9eb53e0a806b980b/soundfile-0.14.0-py2.py3-none-manylinux_2_28_x86_64.whl (1.3 MB)
     ━━━━━━━━━━━━━━━━━━━━━━━━━━━━━━━━━━━━━━━━ 1.3/1.3 MB 20.2 MB/s eta 0:00:00
Collecting aiohappyeyeballs>=2.5.0 (from aiohttp>=3.10.11->wfdb->vitaldb)
  Downloading https://pypi.tuna.tsinghua.edu.cn/packages/71/43/1947f06babed6b3f1d7f38b0c767f52df66bfb2bc10b468c4a7de9eceff2/aiohappyeyeballs-2.7.1-py3-none-any.whl (15 kB)
Collecting aiosignal>=1.4.0 (from aiohttp>=3.10.11->wfdb->vitaldb)
  Downloading https://pypi.tuna.tsinghua.edu.cn/packages/fb/76/641ae371508676492379f16e2fa48f4e2c11741bd63c48be4b12a6b09cba/aiosignal-1.4.0-py3-none-any.whl (7.5 kB)
Requirement already satisfied: attrs>=17.3.0 in /opt/conda/lib/python3.12/site-packages (from aiohttp>=3.10.11->wfdb->vitaldb) (26.1.0)
Collecting frozenlist>=1.1.1 (from aiohttp>=3.10.11->wfdb->vitaldb)
  Downloading https://pypi.tuna.tsinghua.edu.cn/packages/6a/bd/d91c5e39f490a49df14320f4e8c80161cfcce09f1e2cde1edd16a551abb3/frozenlist-1.8.0-cp312-cp312-manylinux1_x86_64.manylinux_2_28_x86_64.manylinux_2_5_x86_64.whl (242 kB)
Collecting multidict<7.0,>=4.5 (from aiohttp>=3.10.11->wfdb->vitaldb)
  Downloading https://pypi.tuna.tsinghua.edu.cn/packages/ed/5b/db08419c1e1f7c9d60cfd2787b2b517d7ae4ebbda8281b48a33eb5141467/multidict-6.9.1-cp312-cp312-manylinux2014_x86_64.manylinux_2_17_x86_64.manylinux_2_28_x86_64.whl (336 kB)
Collecting propcache>=0.2.0 (from aiohttp>=3.10.11->wfdb->vitaldb)
  Downloading https://pypi.tuna.tsinghua.edu.cn/packages/85/9f/83a07b6ec0e043c050cfdd35fb0cf1b7897b91d554d6eea293740309afe7/propcache-0.5.4-cp312-cp312-manylinux2014_x86_64.manylinux_2_17_x86_64.manylinux_2_28_x86_64.whl (250 kB)
Requirement already satisfied: typing_extensions>=4.4 in /opt/conda/lib/python3.12/site-packages (from aiohttp>=3.10.11->wfdb->vitaldb) (4.15.0)
Collecting yarl<2.0,>=1.17.0 (from aiohttp>=3.10.11->wfdb->vitaldb)
  Downloading https://pypi.tuna.tsinghua.edu.cn/packages/bc/7b/ca212cbe170ac8b96e45317ecbcf9c3c3ecf0cdec98d5b088a9c4088929b/yarl-1.25.1-cp312-cp312-manylinux2014_x86_64.manylinux_2_17_x86_64.manylinux_2_28_x86_64.whl (117 kB)
Requirement already satisfied: contourpy>=1.0.1 in /opt/conda/lib/python3.12/site-packages (from matplotlib>=3.2.2->wfdb->vitaldb) (1.3.3)
Requirement already satisfied: cycler>=0.10 in /opt/conda/lib/python3.12/site-packages (from matplotlib>=3.2.2->wfdb->vitaldb) (0.12.1)
Requirement already satisfied: fonttools>=4.28.2 in /opt/conda/lib/python3.12/site-packages (from matplotlib>=3.2.2->wfdb->vitaldb) (4.63.0)
Requirement already satisfied: kiwisolver>=1.3.1 in /opt/conda/lib/python3.12/site-packages (from matplotlib>=3.2.2->wfdb->vitaldb) (1.5.0)
Requirement already satisfied: packaging>=20.0 in /opt/conda/lib/python3.12/site-packages (from matplotlib>=3.2.2->wfdb->vitaldb) (26.0)
Requirement already satisfied: pillow>=9 in /opt/conda/lib/python3.12/site-packages (from matplotlib>=3.2.2->wfdb->vitaldb) (12.2.0)
Requirement already satisfied: pyparsing>=3 in /opt/conda/lib/python3.12/site-packages (from matplotlib>=3.2.2->wfdb->vitaldb) (3.3.2)
Requirement already satisfied: cffi>=1.0 in /opt/conda/lib/python3.12/site-packages (from soundfile>=0.10.0->wfdb->vitaldb) (2.0.0)
Requirement already satisfied: pycparser in /opt/conda/lib/python3.12/site-packages (from cffi>=1.0->soundfile>=0.10.0->wfdb->vitaldb) (3.0)
Installing collected packages: threadpoolctl, scipy, pyarrow, propcache, narwhals, multidict, frozenlist, cloudpickle, aiohappyeyeballs, yarl, soundfile, pandas, joblib, aiosignal, scikit-learn, aiohttp, wfdb, vitaldb
Successfully installed aiohappyeyeballs-2.7.1 aiohttp-3.14.3 aiosignal-1.4.0 cloudpickle-3.1.2 frozenlist-1.8.0 joblib-1.6.0 multidict-6.9.1 narwhals-2.26.0 pandas-3.0.6 propcache-0.5.4 pyarrow-25.0.1 scikit-learn-1.9.1 scipy-1.18.1 soundfile-0.14.0 threadpoolctl-3.7.0 vitaldb-1.7.2 wfdb-4.3.1 yarl-1.25.1

[notice] A new release of pip is available: 25.0.1 -> 26.2.1
[notice] To update, run: python -m pip install --upgrade pip
