/root/experiments/vitaldb_intervention_grounding_seed0_v1/src/prepare.py:166: DeprecationWarning: find_cases() relies on the per-track 'trks' index, which is deprecated and may be removed in a future release.
  track_eligible=set(vitaldb.find_cases(required))
DATA 1/500 case=1946 included  windows=417
DATA 2/500 case=4567 included  windows=459
DATA 3/500 case=4330 included  windows=688
DATA 4/500 case=6034 included  windows=643
DATA 5/500 case=4658 included  windows=1014
DATA 6/500 case=998 included  windows=990
DATA 7/500 case=3221 included  windows=706
DATA 8/500 case=4453 included  windows=900
DATA 9/500 case=281 included  windows=650
DATA 10/500 case=1240 included  windows=1047
DATA 11/500 case=1944 included  windows=1382
DATA 12/500 case=4547 included  windows=964
DATA 13/500 case=5867 included  windows=796
DATA 14/500 case=1172 included  windows=1144
DATA 15/500 case=3710 included  windows=1718
DATA 16/500 case=1026 included  windows=1857
DATA 17/500 case=3875 included  windows=1039
DATA 18/500 case=2805 included  windows=861
DATA 19/500 case=193 included  windows=592
DATA 20/500 case=591 included  windows=537
DATA 21/500 case=4261 included  windows=757
DATA 22/500 case=1784 included  windows=784
DATA 23/500 case=1810 included  windows=836
DATA 24/500 case=6233 included  windows=616
DATA 25/500 case=1482 included  windows=1640
DATA 26/500 case=2742 included  windows=1298
DATA 27/500 case=4027 included  windows=1168
DATA 28/500 case=6345 included  windows=911
DATA 29/500 case=2586 included  windows=1044
DATA 30/500 case=751 included  windows=1491
DATA 31/500 case=1813 included  windows=649
DATA 32/500 case=3331 included  windows=1713
DATA 33/500 case=2802 included  windows=1196
DATA 34/500 case=1191 included  windows=2676
DATA 35/500 case=1444 included  windows=1094
DATA 36/500 case=3298 included  windows=567
DATA 37/500 case=5871 included  windows=447
DATA 38/500 case=4020 included  windows=596
DATA 39/500 case=2687 included  windows=507
DATA 40/500 case=1927 included  windows=959
DATA 41/500 case=1082 included  windows=965
DATA 42/500 case=6330 included  windows=676
DATA 43/500 case=5032 included  windows=731
DATA 44/500 case=2000 included  windows=1304
DATA 45/500 case=2732 included  windows=104
DATA 46/500 case=2671 included  windows=617
DATA 47/500 case=5937 included  windows=1750
DATA 48/500 case=2890 included  windows=674
DATA 49/500 case=5109 included  windows=1828
DATA 50/500 case=976 included  windows=1184
DATA 51/500 case=5189 included  windows=922
DATA 52/500 case=2717 included  windows=857
DATA 53/500 case=4000 included  windows=479
DATA 54/500 case=1974 included  windows=709
DATA 55/500 case=2837 included  windows=1170
DATA 56/500 case=1820 included  windows=1834
DATA 57/500 case=5616 included  windows=970
DATA 58/500 case=1136 included  windows=672
DATA 59/500 case=5017 included  windows=598
DATA 60/500 case=3517 included  windows=536
DATA 61/500 case=3691 included  windows=519
DATA 62/500 case=4042 included  windows=969
DATA 63/500 case=2863 included  windows=833
DATA 64/500 case=4497 included  windows=767
DATA 65/500 case=3560 included  windows=536
DATA 66/500 case=1500 included  windows=824
DATA 67/500 case=5966 included  windows=1359
DATA 68/500 case=2503 included  windows=598
DATA 69/500 case=1011 included  windows=472
DATA 70/500 case=2353 included  windows=1339
DATA 71/500 case=5511 included  windows=482
DATA 72/500 case=1707 included  windows=1785
DATA 73/500 case=295 included  windows=950
DATA 74/500 case=2356 included  windows=2234
DATA 75/500 case=1834 included  windows=415
DATA 76/500 case=3091 included  windows=421
DATA 77/500 case=3150 included  windows=1662
DATA 78/500 case=3029 included  windows=574
DATA 79/500 case=2642 included  windows=1026
DATA 80/500 case=1024 included  windows=1096
DATA 81/500 case=624 included  windows=832
DATA 82/500 case=3068 included  windows=744
DATA 83/500 case=3037 included  windows=1983
DATA 84/500 case=3407 included  windows=465
DATA 85/500 case=5680 included  windows=824
DATA 86/500 case=4530 included  windows=842
DATA 87/500 case=3641 included  windows=440
DATA 88/500 case=4898 included  windows=1115
DATA 89/500 case=1160 included  windows=1646
DATA 90/500 case=2044 included  windows=1224
DATA 91/500 case=4102 included  windows=504
DATA 92/500 case=2231 included  windows=1252
DATA 93/500 case=3873 included  windows=1082
DATA 94/500 case=1925 included  windows=568
DATA 95/500 case=6071 included  windows=1770
DATA 96/500 case=962 included  windows=459
DATA 97/500 case=4098 included  windows=1588
DATA 98/500 case=4032 included  windows=1562
DATA 99/500 case=5548 included  windows=490
DATA 100/500 case=2238 included  windows=1718
DATA 101/500 case=4464 included  windows=777
DATA 102/500 case=416 included  windows=528
DATA 103/500 case=5407 included  windows=705
DATA 104/500 case=4735 included  windows=629
DATA 105/500 case=3343 included  windows=605
DATA 106/500 case=2123 included  windows=756
DATA 107/500 case=5983 included  windows=1993
DATA 108/500 case=205 included  windows=942
DATA 109/500 case=6346 included  windows=1461
DATA 110/500 case=3118 included  windows=1311
DATA 111/500 case=2380 included  windows=1056
DATA 112/500 case=5114 included  windows=1132
DATA 113/500 case=4651 included  windows=1637
DATA 114/500 case=1210 included  windows=917
DATA 115/500 case=1027 included  windows=1351
DATA 116/500 case=1213 included  windows=617
DATA 117/500 case=4133 included  windows=1078
DATA 118/500 case=5675 included  windows=744
DATA 119/500 case=4541 included  windows=598
DATA 120/500 case=13 included  windows=407
DATA 121/500 case=1730 included  windows=2293
DATA 122/500 case=2763 included  windows=466
DATA 123/500 case=4701 included  windows=565
DATA 124/500 case=6326 excluded PPF20_no_substantial_infusion windows=0
DATA 125/500 case=4998 included  windows=218
DATA 126/500 case=2931 included  windows=812
DATA 127/500 case=4122 included  windows=831
DATA 128/500 case=4462 included  windows=477
DATA 129/500 case=4383 included  windows=1083
DATA 130/500 case=3175 included  windows=919
DATA 131/500 case=2311 included  windows=1396
DATA 132/500 case=2530 included  windows=1208
DATA 133/500 case=4312 included  windows=562
DATA 134/500 case=4258 included  windows=1756
DATA 135/500 case=5439 included  windows=1277
DATA 136/500 case=2078 included  windows=1244
DATA 137/500 case=2797 included  windows=1931
DATA 138/500 case=5301 included  windows=636
DATA 139/500 case=6163 included  windows=857
DATA 140/500 case=3759 included  windows=1251
DATA 141/500 case=4227 included  windows=716
DATA 142/500 case=3501 included  windows=273
DATA 143/500 case=5314 included  windows=1590
DATA 144/500 case=3990 included  windows=492
DATA 145/500 case=3352 included  windows=987
DATA 146/500 case=3988 included  windows=1091
DATA 147/500 case=5180 included  windows=1389
DATA 148/500 case=6225 included  windows=937
DATA 149/500 case=2573 included  windows=562
DATA 150/500 case=579 included  windows=374
DATA 151/500 case=4145 included  windows=714
DATA 152/500 case=17 included  windows=1767
DATA 153/500 case=2350 included  windows=1981
DATA 154/500 case=2653 included  windows=1410
DATA 155/500 case=3373 included  windows=2620
DATA 156/500 case=2617 included  windows=1254
DATA 157/500 case=2189 included  windows=502
DATA 158/500 case=809 included  windows=1053
DATA 159/500 case=1606 included  windows=458
DATA 160/500 case=5913 included  windows=834
DATA 161/500 case=6009 included  windows=2685
DATA 162/500 case=5178 included  windows=952
DATA 163/500 case=4087 included  windows=825
DATA 164/500 case=452 included  windows=771
DATA 165/500 case=4143 included  windows=2040
DATA 166/500 case=5912 included  windows=1018
DATA 167/500 case=3507 included  windows=903
DATA 168/500 case=3468 included  windows=1355
DATA 169/500 case=149 included  windows=723
DATA 170/500 case=5004 included  windows=1998
DATA 171/500 case=1566 included  windows=818
DATA 172/500 case=5798 included  windows=1033
DATA 173/500 case=4095 included  windows=421
DATA 174/500 case=2161 included  windows=2013
DATA 175/500 case=4316 included  windows=992
DATA 176/500 case=3545 included  windows=1515
DATA 177/500 case=6097 included  windows=466
DATA 178/500 case=3095 included  windows=468
DATA 179/500 case=4870 included  windows=690
DATA 180/500 case=5772 included  windows=2599
DATA 181/500 case=5345 included  windows=627
DATA 182/500 case=1875 included  windows=1092
DATA 183/500 case=816 included  windows=969
DATA 184/500 case=6024 included  windows=1418
DATA 185/500 case=6174 included  windows=730
DATA 186/500 case=6127 included  windows=1117
DATA 187/500 case=5618 included  windows=2201
DATA 188/500 case=2949 included  windows=1097
DATA 189/500 case=6074 included  windows=1701
DATA 190/500 case=1936 included  windows=3843
DATA 191/500 case=2750 included  windows=763
DATA 192/500 case=6296 included  windows=1736
DATA 193/500 case=4780 included  windows=1099
DATA 194/500 case=166 included  windows=1560
DATA 195/500 case=4677 included  windows=1682
DATA 196/500 case=2944 included  windows=705
DATA 197/500 case=4717 included  windows=319
DATA 198/500 case=3663 included  windows=1240
DATA 199/500 case=5137 included  windows=2063
DATA 200/500 case=1131 included  windows=1090
DATA 201/500 case=3114 included  windows=507
DATA 202/500 case=2488 included  windows=490
DATA 203/500 case=986 included  windows=1157
DATA 204/500 case=2435 included  windows=806
DATA 205/500 case=3785 included  windows=2395
DATA 206/500 case=1889 included  windows=1096
DATA 207/500 case=6037 included  windows=1322
DATA 208/500 case=3805 included  windows=1185
DATA 209/500 case=4897 included  windows=927
DATA 210/500 case=671 included  windows=1488
DATA 211/500 case=566 included  windows=1291
DATA 212/500 case=4695 included  windows=591
DATA 213/500 case=2281 included  windows=1158
DATA 214/500 case=3074 included  windows=1439
DATA 215/500 case=4186 included  windows=744
DATA 216/500 case=811 included  windows=1277
DATA 217/500 case=3777 included  windows=452
DATA 218/500 case=1920 included  windows=1288
DATA 219/500 case=2004 included  windows=1353
DATA 220/500 case=4011 included  windows=816
DATA 221/500 case=1025 included  windows=1760
DATA 222/500 case=83 included  windows=1637
DATA 223/500 case=2280 included  windows=1845
DATA 224/500 case=4805 included  windows=1310
DATA 225/500 case=6146 included  windows=1127
DATA 226/500 case=3537 included  windows=1921
DATA 227/500 case=4287 included  windows=881
DATA 228/500 case=6088 included  windows=1029
DATA 229/500 case=3093 included  windows=2052
DATA 230/500 case=3829 included  windows=459
DATA 231/500 case=4481 included  windows=2643
DATA 232/500 case=3943 included  windows=581
DATA 233/500 case=3169 included  windows=649
DATA 234/500 case=1871 included  windows=671
DATA 235/500 case=4868 included  windows=494
DATA 236/500 case=2492 included  windows=503
DATA 237/500 case=6181 included  windows=1310
DATA 238/500 case=194 included  windows=560
DATA 239/500 case=4920 included  windows=1013
DATA 240/500 case=1157 included  windows=2935
DATA 241/500 case=1149 included  windows=1533
DATA 242/500 case=4181 included  windows=613
DATA 243/500 case=3368 included  windows=902
DATA 244/500 case=3498 included  windows=760
DATA 245/500 case=1703 included  windows=3011
DATA 246/500 case=2879 included  windows=1092
DATA 247/500 case=4457 included  windows=1073
DATA 248/500 case=659 included  windows=1277
DATA 249/500 case=5560 included  windows=490
DATA 250/500 case=1659 included  windows=470
DATA 251/500 case=218 included  windows=1565
DATA 252/500 case=789 included  windows=1315
DATA 253/500 case=4966 included  windows=1805
DATA 254/500 case=4769 included  windows=1039
DATA 255/500 case=4788 included  windows=1044
DATA 256/500 case=1267 included  windows=1287
DATA 257/500 case=4646 included  windows=583
DATA 258/500 case=3170 included  windows=354
DATA 259/500 case=1184 included  windows=649
DATA 260/500 case=405 included  windows=238
DATA 261/500 case=6333 included  windows=1059
DATA 262/500 case=3851 included  windows=690
DATA 263/500 case=2056 included  windows=1385
DATA 264/500 case=1255 included  windows=565
DATA 265/500 case=5669 included  windows=1231
DATA 266/500 case=3874 included  windows=743
DATA 267/500 case=1630 included  windows=1289
DATA 268/500 case=122 included  windows=1342
DATA 269/500 case=6356 excluded PPF20_no_substantial_infusion windows=0
DATA 270/500 case=3935 included  windows=585
DATA 271/500 case=3610 included  windows=1526
DATA 272/500 case=1208 included  windows=2323
DATA 273/500 case=6210 included  windows=534
DATA 274/500 case=5751 included  windows=1332
DATA 275/500 case=5490 included  windows=1075
DATA 276/500 case=3426 included  windows=722
DATA 277/500 case=5749 included  windows=2041
DATA 278/500 case=5463 included  windows=1034
DATA 279/500 case=481 excluded fewer_than_30_valid_windows windows=0
DATA 280/500 case=1933 included  windows=428
DATA 281/500 case=1814 included  windows=405
DATA 282/500 case=2875 included  windows=490
DATA 283/500 case=1089 included  windows=1022
DATA 284/500 case=4991 included  windows=950
DATA 285/500 case=297 included  windows=668
DATA 286/500 case=822 included  windows=1735
DATA 287/500 case=3196 included  windows=1511
DATA 288/500 case=5388 included  windows=1118
DATA 289/500 case=5167 included  windows=718
DATA 290/500 case=37 included  windows=843
DATA 291/500 case=2997 included  windows=636
DATA 292/500 case=5164 included  windows=1344
DATA 293/500 case=3220 included  windows=1834
DATA 294/500 case=3279 included  windows=1163
DATA 295/500 case=4275 included  windows=1328
DATA 296/500 case=2632 included  windows=1188
DATA 297/500 case=350 included  windows=447
DATA 298/500 case=4954 included  windows=605
DATA 299/500 case=1785 included  windows=1877
DATA 300/500 case=6170 included  windows=1224
DATA 301/500 case=5140 included  windows=1404
DATA 302/500 case=5322 included  windows=1208
DATA 303/500 case=1408 included  windows=31
DATA 304/500 case=1918 included  windows=2463
DATA 305/500 case=3621 included  windows=1421
DATA 306/500 case=5558 included  windows=860
DATA 307/500 case=4948 included  windows=577
DATA 308/500 case=3573 included  windows=1017
DATA 309/500 case=785 included  windows=1222
DATA 310/500 case=2349 included  windows=1909
DATA 311/500 case=4390 included  windows=78
DATA 312/500 case=382 included  windows=1578
DATA 313/500 case=5434 included  windows=776
DATA 314/500 case=3670 included  windows=573
DATA 315/500 case=6090 included  windows=1570
DATA 316/500 case=4858 included  windows=88
DATA 317/500 case=5578 included  windows=1340
DATA 318/500 case=5070 included  windows=1918
DATA 319/500 case=4447 included  windows=450
DATA 320/500 case=1115 included  windows=1361
DATA 321/500 case=490 included  windows=1197
DATA 322/500 case=2794 included  windows=659
DATA 323/500 case=3319 included  windows=682
DATA 324/500 case=124 included  windows=663
DATA 325/500 case=2834 included  windows=928
DATA 326/500 case=4630 included  windows=673
DATA 327/500 case=4899 included  windows=1577
DATA 328/500 case=6297 included  windows=2318
DATA 329/500 case=1102 included  windows=827
DATA 330/500 case=6305 included  windows=985
DATA 331/500 case=1045 included  windows=1313
DATA 332/500 case=1802 included  windows=1048
DATA 333/500 case=2744 included  windows=1377
DATA 334/500 case=6190 included  windows=968
DATA 335/500 case=5225 included  windows=1107
DATA 336/500 case=1809 included  windows=1118
DATA 337/500 case=5274 included  windows=820
DATA 338/500 case=6104 included  windows=795
DATA 339/500 case=5682 included  windows=1495
DATA 340/500 case=1904 included  windows=622
DATA 341/500 case=1249 included  windows=1163
DATA 342/500 case=5486 included  windows=896
DATA 343/500 case=3172 included  windows=854
DATA 344/500 case=345 included  windows=1888
DATA 345/500 case=1709 included  windows=513
DATA 346/500 case=5809 included  windows=2146
DATA 347/500 case=1241 included  windows=797
DATA 348/500 case=5693 included  windows=2723
DATA 349/500 case=3803 included  windows=808
DATA 350/500 case=5197 included  windows=595
DATA 351/500 case=5662 included  windows=540
DATA 352/500 case=1662 included  windows=481
DATA 353/500 case=1044 included  windows=1056
DATA 354/500 case=2243 included  windows=1408
DATA 355/500 case=1922 included  windows=1726
DATA 356/500 case=5263 included  windows=782
DATA 357/500 case=3113 included  windows=1805
DATA 358/500 case=2955 included  windows=625
DATA 359/500 case=5335 included  windows=1431
DATA 360/500 case=6061 included  windows=2099
DATA 361/500 case=2708 included  windows=1616
DATA 362/500 case=1623 included  windows=1149
DATA 363/500 case=4616 included  windows=517
DATA 364/500 case=4433 included  windows=447
DATA 365/500 case=1323 included  windows=595
DATA 366/500 case=3579 included  windows=690
DATA 367/500 case=5741 included  windows=676
DATA 368/500 case=1969 included  windows=748
DATA 369/500 case=1648 included  windows=1757
DATA 370/500 case=6114 included  windows=1888
DATA 371/500 case=3351 included  windows=1014
DATA 372/500 case=1665 included  windows=1182
DATA 373/500 case=1416 included  windows=831
DATA 374/500 case=4057 included  windows=655
DATA 375/500 case=927 included  windows=804
DATA 376/500 case=3431 included  windows=1126
DATA 377/500 case=3860 included  windows=2006
DATA 378/500 case=3325 included  windows=1445
DATA 379/500 case=613 included  windows=522
DATA 380/500 case=284 included  windows=1446
DATA 381/500 case=5949 included  windows=610
DATA 382/500 case=1964 included  windows=1034
DATA 383/500 case=3812 included  windows=740
DATA 384/500 case=5787 included  windows=3975
DATA 385/500 case=3972 included  windows=562
DATA 386/500 case=3499 included  windows=1666
DATA 387/500 case=2426 included  windows=919
DATA 388/500 case=5155 included  windows=450
DATA 389/500 case=138 included  windows=891
DATA 390/500 case=5048 included  windows=468
DATA 391/500 case=5077 included  windows=849
DATA 392/500 case=301 included  windows=712
DATA 393/500 case=3693 included  windows=496
DATA 394/500 case=2385 included  windows=989
DATA 395/500 case=1168 included  windows=843
DATA 396/500 case=1034 included  windows=420
DATA 397/500 case=4435 included  windows=369
DATA 398/500 case=1398 included  windows=628
DATA 399/500 case=1786 included  windows=655
DATA 400/500 case=5777 included  windows=1428
DATA 401/500 case=5206 included  windows=546
DATA 402/500 case=200 included  windows=590
DATA 403/500 case=5948 included  windows=542
DATA 404/500 case=5566 included  windows=1326
DATA 405/500 case=2779 included  windows=516
DATA 406/500 case=6053 included  windows=779
DATA 407/500 case=505 included  windows=473
DATA 408/500 case=57 included  windows=755
DATA 409/500 case=2791 excluded recording_shorter_than_35_minutes windows=0
DATA 410/500 case=308 included  windows=1661
DATA 411/500 case=3961 included  windows=725
DATA 412/500 case=3237 included  windows=948
DATA 413/500 case=6324 included  windows=949
DATA 414/500 case=5333 included  windows=1384
DATA 415/500 case=1337 included  windows=651
DATA 416/500 case=414 included  windows=778
DATA 417/500 case=5781 included  windows=941
DATA 418/500 case=1725 included  windows=893
DATA 419/500 case=2222 included  windows=863
DATA 420/500 case=3629 included  windows=1548
DATA 421/500 case=6241 included  windows=2010
DATA 422/500 case=3449 included  windows=836
DATA 423/500 case=309 included  windows=817
DATA 424/500 case=6280 included  windows=1460
DATA 425/500 case=449 included  windows=754
DATA 426/500 case=3256 included  windows=991
DATA 427/500 case=3857 included  windows=946
DATA 428/500 case=844 included  windows=2344
DATA 429/500 case=2283 included  windows=564
DATA 430/500 case=5352 included  windows=1027
DATA 431/500 case=2392 included  windows=1341
DATA 432/500 case=4113 included  windows=541
DATA 433/500 case=1221 included  windows=1685
DATA 434/500 case=5390 included  windows=321
DATA 435/500 case=5360 included  windows=2889
DATA 436/500 case=692 included  windows=1161
DATA 437/500 case=4757 included  windows=1801
DATA 438/500 case=2909 included  windows=582
DATA 439/500 case=369 included  windows=1319
DATA 440/500 case=3023 excluded fewer_than_30_valid_windows windows=0
DATA 441/500 case=3421 included  windows=818
DATA 442/500 case=353 included  windows=1441
DATA 443/500 case=1489 included  windows=1286
DATA 444/500 case=3439 included  windows=1149
DATA 445/500 case=1558 included  windows=1303
DATA 446/500 case=571 included  windows=502
DATA 447/500 case=1002 included  windows=670
DATA 448/500 case=708 included  windows=1506
DATA 449/500 case=5014 included  windows=1723
DATA 450/500 case=1579 included  windows=541
DATA 451/500 case=3737 included  windows=1508
DATA 452/500 case=4995 included  windows=1920
DATA 453/500 case=1035 included  windows=1021
DATA 454/500 case=2675 included  windows=847
DATA 455/500 case=2498 included  windows=942
DATA 456/500 case=4709 included  windows=539
DATA 457/500 case=3631 included  windows=1926
DATA 458/500 case=4202 included  windows=1032
DATA 459/500 case=6040 included  windows=1947
DATA 460/500 case=1230 included  windows=2047
DATA 461/500 case=5608 included  windows=965
DATA 462/500 case=3348 included  windows=1645
DATA 463/500 case=4179 included  windows=1669
DATA 464/500 case=2943 included  windows=985
DATA 465/500 case=5469 included  windows=840
DATA 466/500 case=3617 included  windows=474
DATA 467/500 case=4913 included  windows=811
DATA 468/500 case=3846 included  windows=2281
DATA 469/500 case=795 included  windows=1212
DATA 470/500 case=485 included  windows=1101
DATA 471/500 case=4999 included  windows=2238
DATA 472/500 case=5870 included  windows=1731
DATA 473/500 case=5998 included  windows=1727
DATA 474/500 case=1350 included  windows=1588
DATA 475/500 case=2273 included  windows=1828
DATA 476/500 case=5308 included  windows=1255
DATA 477/500 case=645 included  windows=704
DATA 478/500 case=1687 included  windows=841
DATA 479/500 case=3223 included  windows=1394
DATA 480/500 case=4277 included  windows=607
DATA 481/500 case=5824 included  windows=470
DATA 482/500 case=5142 included  windows=1082
DATA 483/500 case=6105 included  windows=563
DATA 484/500 case=4198 included  windows=838
DATA 485/500 case=3287 included  windows=2537
DATA 486/500 case=6107 included  windows=607
DATA 487/500 case=3572 included  windows=2386
DATA 488/500 case=2650 included  windows=482
DATA 489/500 case=5731 included  windows=642
DATA 490/500 case=5344 included  windows=1363
DATA 491/500 case=1826 included  windows=548
DATA 492/500 case=2678 included  windows=534
DATA 493/500 case=1193 included  windows=1313
DATA 494/500 case=4803 included  windows=969
DATA 495/500 case=5179 included  windows=506
DATA 496/500 case=4589 included  windows=1677
DATA 497/500 case=2185 included  windows=2224
DATA 498/500 case=3729 included  windows=1471
DATA 499/500 case=3166 included  windows=975
DATA 500/500 case=5202 included  windows=1135
DATA_READY {"train": {"cases": 345, "patients": 345, "windows": 374521}, "val": {"cases": 74, "patients": 73, "windows": 80341}, "test": {"cases": 76, "patients": 75, "windows": 83992}}
